<area shape="rect" href="$_lgm___mag_model_info_8h.html#a82612dffc3edae2b3fce7cb94e435c0" title="AddNewPoint" alt="" coords="767,157,865,184">
<area shape="rect" href="$_lgm___vec_8h.html#629b5668345073fe8ccf2eff39b4e653" title="Lgm_Magnitude" alt="" coords="977,411,1089,437">
<area shape="rect" href="$_drift_shell_8c.html#e79603e88bcb7860ca33e8fe4fbdf37f" title="FindShellLine" alt="" coords="131,613,229,640">
<area shape="rect" href="$_lgm___c_trans_8h.html#bb565097b3362f61a99072fa6894cd83" title="Lgm_Convert_Coords" alt="" coords="960,968,1107,995">
<area shape="rect" href="$_lgm___mag_model_info_8h.html#e748e444fc7e684dcead584e1d002e8d" title="FreeSpline" alt="" coords="329,411,412,437">
<area shape="rect" href="$_integral_invariant_8c.html#f6e6b0cd75ad626d41e0ce06cbec7320" title="Iinv" alt="" coords="349,715,392,741">
<area shape="rect" href="$_integral_invariant_8c.html#ea31055ca3f80f4519c263c09ac3e832" title="Iinv_interped" alt="" coords="323,664,419,691">
<area shape="rect" href="$_lgm___mag_model_info_8h.html#a7175b98aed0d6f712ca66d532afe450" title="InitSpline" alt="" coords="333,917,408,944">
<area shape="rect" href="$_lgm___mag_model_info_8h.html#97c791c85beb7f0f5f816f79226b2e2c" title="Lgm_TraceLine2" alt="" coords="520,309,637,336">
<area shape="rect" href="$_lgm___mag_model_info_8h.html#f5875fcc683e532736574a4edf7e8545" title="Lgm_TraceToMirrorPoint" alt="" coords="497,360,660,387">
<area shape="rect" href="$_lgm___mag_model_info_8h.html#069290bbefbad1db8e625b9e8a0d3a5e" title="ReplaceFirstPoint" alt="" coords="755,5,877,32">
<area shape="rect" href="$_l_from_i_bm_m_8c.html#ce6dc7c926ea34e07011fb1167c2d5d0" title="LFromIBmM_Hilton" alt="" coords="113,816,247,843">
<area shape="rect" href="$_l_from_i_bm_m_8c.html#4ee011826916a15076f0efa631ec5e77" title="LFromIBmM_McIlwain" alt="" coords="104,867,256,893">
<area shape="rect" href="$_lgm___mag_model_info_8h.html#8a39a610942825fe168938aaddec20d7" title="Lgm_Trace" alt="" coords="328,765,413,792">
<area shape="rect" href="$_lgm___mag_model_info_8h.html#68681484778e87dde0f6f80a8fee549f" title="Lgm_TraceLine" alt="" coords="524,107,633,133">
<area shape="rect" href="$_lgm___mag_model_info_8h.html#b4590c6952725d09b17c1433371db4e2" title="Lgm_TraceToSphericalEarth" alt="" coords="487,765,671,792">
<area shape="rect" href="$_compute_lstar_8c.html#871565dbd20b1df061fb2e706bd724db" title="MagFlux" alt="" coords="144,1120,216,1147">
<area shape="rect" href="$_compute_lstar_8c.html#7da6f58b128b4aef809400ada95767d4" title="MagFlux2" alt="" coords="141,1221,219,1248">
<area shape="rect" href="$_compute_lstar_8c.html#6b9a47796fc6ddf11d42d91a9885e771" title="PredictMlat1" alt="" coords="133,1323,227,1349">
<area shape="rect" href="$_compute_lstar_8c.html#7aae1b668ec7bda0f93ead3c5ecd5429" title="PredictMlat2" alt="" coords="133,1373,227,1400">
<area shape="rect" href="$_lgm___lstar_info_8h.html#3801a78bfafe0c674baf406ff2531f3e" title="quicksort2" alt="" coords="331,1424,411,1451">
<area shape="rect" href="$_lgm___mag_model_info_8h.html#35a01e17f8707981772eea21f9030af3" title="Lgm_B_cdip" alt="" coords="987,157,1080,184">
<area shape="rect" href="$_lgm___c_trans_8h.html#ceacbb0a4b655abde050d74521fc48f1" title="Lgm_B_cdip_ctrans" alt="" coords="1161,157,1297,184">
<area shape="rect" href="$_drift_shell_8c.html#15d887d6b99cb83ce58b5a04a171ec67" title="FindBmRadius" alt="" coords="764,917,868,944">
<area shape="rect" href="$_lgm___vec_8h.html#db5066af69d0f56f0880a098655383ff" title="Lgm_MatTimesVec" alt="" coords="1163,968,1296,995">
<area shape="rect" href="$_lgm___quad_pack_8h.html#60d44959d394acbe1feccb6648cfbbf6" title="dqags" alt="" coords="788,1171,844,1197">
<area shape="rect" href="$_lgm___quad_pack_8h.html#68c709c61ac9675998296fd5715f1578" title="dqk21" alt="" coords="551,461,607,488">
<area shape="rect" href="$_integral_invariant_8c.html#9378a29574f93271ed37929e9910f6c6" title="I_integrand" alt="" coords="536,563,621,589">
<area shape="rect" href="$_lgm___mag_model_info_8h.html#0728ceef72ddab59dac1779e455e554f" title="Lgm_MagStep" alt="" coords="764,613,868,640">
<area shape="rect" href="$_lgm___mag_model_info_8h.html#24e31c1882021ee661d8afd00d72e726" title="Lgm_ModMid" alt="" coords="984,639,1083,665">
<area shape="rect" href="$_lgm___mag_model_info_8h.html#1e8a22ce5672e4a4b9a51ca51713408e" title="Lgm_RatFunExt" alt="" coords="976,588,1091,615">
<area shape="rect" href="$_lgm___vec_8h.html#67c413d617efaaa97ff1b1e6c98f149f" title="Lgm_NormalizeVector" alt="" coords="1156,639,1303,665">
<area shape="rect" href="$_integral_invariant_8c.html#9a3dcc288db0c9c8153abd181494514e" title="I_integrand_interped" alt="" coords="509,411,648,437">
<area shape="rect" href="$_lgm___mag_model_info_8h.html#be359d7bc7bae132a2e5bff78da3d9b2" title="BofS" alt="" coords="791,411,841,437">
<area shape="rect" href="$_lgm___mag_model_info_8h.html#7b45a70ceb729d0b1f485e8aa67bd24f" title="Lgm_TraceToEarth" alt="" coords="513,715,644,741">
<area shape="rect" href="$_lgm___mag_model_info_8h.html#e26694e4b9c3747fea07eadd0142142e" title="Lgm_TraceToMinBSurf" alt="" coords="501,613,656,640">
<area shape="rect" href="$_lgm___c_trans_8h.html#42a1e228f07a30f58a53c44309199d05" title="Lgm_WGS84_to_GEOD" alt="" coords="736,816,896,843">
<area shape="rect" href="$_lgm___c_trans_8h.html#5c79944843885ba3c52bea660f71d5a8" title="Lgm_WGS84_to_GeodHeight" alt="" coords="721,765,911,792">
<area shape="rect" href="$_lgm___vec_8h.html#9573e1d5039c2d78a9018f74dbe9bd37" title="Lgm_ScaleVector" alt="" coords="972,791,1095,817">
<area shape="rect" href="$_compute_lstar_8c.html#5f75b0909329fb6260c63bc551c29acb" title="MagFluxIntegrand" alt="" coords="308,1171,433,1197">
<area shape="rect" href="$_compute_lstar_8c.html#0f767b7206b1928b2f36fa7c5a26ca33" title="MagFluxIntegrand2" alt="" coords="305,1272,436,1299">
<area shape="rect" href="$_compute_lstar_8c.html#593bd0ac5cd8b137cbc401b58219df31" title="LambdaIntegral" alt="" coords="524,1272,633,1299">
<area shape="rect" href="$_compute_lstar_8c.html#fb4cfc3e9728d5ec4867d39f1384dc38" title="LambdaIntegrand" alt="" coords="756,1247,876,1273">
<area shape="rect" href="$_lgm___c_trans_8h.html#9a4228c946c00806063a562ea8b5a910" title="Lgm_PolFunInt" alt="" coords="316,1323,425,1349">
<area shape="rect" href="$_lgm___c_trans_8h.html#9c5b8be4b99b6e3090d12f1f1a772fd0" title="Lgm_RatFunInt" alt="" coords="316,1373,425,1400">
