<area shape="rect" href="$_lgm___quad_pack_8h.html#60d44959d394acbe1feccb6648cfbbf6" title="dqags" alt="" coords="111,5,167,32">
<area shape="rect" href="$_lgm___quad_pack_8h.html#68c709c61ac9675998296fd5715f1578" title="dqk21" alt="" coords="111,56,167,83">
<area shape="rect" href="$_integral_invariant_8c.html#9378a29574f93271ed37929e9910f6c6" title="I_integrand" alt="" coords="96,107,181,133">
<area shape="rect" href="$_lgm___vec_8h.html#629b5668345073fe8ccf2eff39b4e653" title="Lgm_Magnitude" alt="" coords="231,81,343,108">
<area shape="rect" href="$_lgm___mag_model_info_8h.html#0728ceef72ddab59dac1779e455e554f" title="Lgm_MagStep" alt="" coords="235,132,339,159">
<area shape="rect" href="$_lgm___mag_model_info_8h.html#24e31c1882021ee661d8afd00d72e726" title="Lgm_ModMid" alt="" coords="400,107,499,133">
<area shape="rect" href="$_lgm___mag_model_info_8h.html#1e8a22ce5672e4a4b9a51ca51713408e" title="Lgm_RatFunExt" alt="" coords="392,157,507,184">
<area shape="rect" href="$_lgm___vec_8h.html#67c413d617efaaa97ff1b1e6c98f149f" title="Lgm_NormalizeVector" alt="" coords="556,107,703,133">
