<area shape="rect" href="$_integral_invariant_8c.html#f6e6b0cd75ad626d41e0ce06cbec7320" title="Iinv" alt="" coords="115,69,157,96">
<area shape="rect" href="$_lgm___mag_model_info_8h.html#f5875fcc683e532736574a4edf7e8545" title="Lgm_TraceToMirrorPoint" alt="" coords="207,157,369,184">
<area shape="rect" href="$_lgm___quad_pack_8h.html#60d44959d394acbe1feccb6648cfbbf6" title="dqags" alt="" coords="260,5,316,32">
<area shape="rect" href="$_lgm___quad_pack_8h.html#68c709c61ac9675998296fd5715f1578" title="dqk21" alt="" coords="260,56,316,83">
<area shape="rect" href="$_integral_invariant_8c.html#9378a29574f93271ed37929e9910f6c6" title="I_integrand" alt="" coords="245,107,331,133">
<area shape="rect" href="$_lgm___vec_8h.html#629b5668345073fe8ccf2eff39b4e653" title="Lgm_Magnitude" alt="" coords="420,107,532,133">
<area shape="rect" href="$_lgm___mag_model_info_8h.html#0728ceef72ddab59dac1779e455e554f" title="Lgm_MagStep" alt="" coords="424,157,528,184">
<area shape="rect" href="$_lgm___mag_model_info_8h.html#24e31c1882021ee661d8afd00d72e726" title="Lgm_ModMid" alt="" coords="589,132,688,159">
<area shape="rect" href="$_lgm___mag_model_info_8h.html#1e8a22ce5672e4a4b9a51ca51713408e" title="Lgm_RatFunExt" alt="" coords="581,183,696,209">
<area shape="rect" href="$_lgm___vec_8h.html#67c413d617efaaa97ff1b1e6c98f149f" title="Lgm_NormalizeVector" alt="" coords="745,132,892,159">
