<area shape="rect" href="$_lgm___c_trans_8h.html#22d8045554f6d6dd27b725f9c73e68ef" title="Lgm_InitdPnm" alt="" coords="208,5,312,32">
<area shape="rect" href="$_lgm___c_trans__wrap_8c.html#c5d34218467df201deab1b9f5cad6691" title="SWIG_AsVal_int" alt="" coords="200,56,320,83">
<area shape="rect" href="$_lgm___c_trans__wrap_8c.html#695030dbc62bde212c7b7a9169c6eee9" title="SWIG_Py_Void" alt="" coords="204,107,316,133">
<area shape="rect" href="$_lgm___c_trans_8h.html#525177976ecea85ebc006e0a61b3fbb3" title="Lgm_InitSqrtFuncs" alt="" coords="369,5,500,32">
<area shape="rect" href="$_lgm___c_trans__wrap_8c.html#ca3c78b106b24b292a156d1f2e9d6bf7" title="SWIG_AsVal_long" alt="" coords="371,56,499,83">
<area shape="rect" href="$_lgm___c_trans__wrap_8c.html#14604bc0932d6a4a99475970ac783697" title="SWIG_AsVal_double" alt="" coords="563,31,707,57">
<area shape="rect" href="$_lgm___c_trans__wrap_8c.html#4101ce628ad9db6a901cca96a6d36ae6" title="SWIG_CanCastAsInteger" alt="" coords="551,81,719,108">
