<area shape="rect" href="$_lgm___c_trans__wrap_8c.html#9532dff6bcf1994e843fd0803d79b037" title="_PySwigPacked_type" alt="" coords="209,95,356,121">
<area shape="rect" href="$_lgm___c_trans__wrap_8c.html#ad234ecbc3820c212fdcb809fc9b5821" title="PySwigPacked_compare" alt="" coords="407,56,572,83">
<area shape="rect" href="$_lgm___c_trans__wrap_8c.html#c9b284b0fe255de9931ac7f5c9509875" title="PySwigPacked_dealloc" alt="" coords="411,5,568,32">
<area shape="rect" href="$_lgm___c_trans__wrap_8c.html#604788af1d7fddfbbd29293b23bcf5e6" title="PySwigPacked_print" alt="" coords="419,107,560,133">
<area shape="rect" href="$_lgm___c_trans__wrap_8c.html#fe4230f7d7cd8572675591d9bd567e39" title="PySwigPacked_repr" alt="" coords="420,157,559,184">
<area shape="rect" href="$_lgm___c_trans__wrap_8c.html#4aafdf94b1093eb068db5a38cae9bd9b" title="PySwigPacked_str" alt="" coords="424,208,555,235">
<area shape="rect" href="$_lgm___c_trans__wrap_8c.html#f903e6809a1fb2ba06deff49795c6e65" title="SWIG_PackDataName" alt="" coords="621,157,776,184">
<area shape="rect" href="$_lgm___c_trans__wrap_8c.html#02c2ac3db8ce87dd62813334e66c9a3a" title="SWIG_PackData" alt="" coords="824,157,944,184">
