<area shape="rect" href="$_lgm___c_trans__wrap_8c.html#72dbc0b72daa1f0a0d7adc533dd5239b" title="SWIG_From_int" alt="" coords="168,5,283,32">
<area shape="rect" href="$_lgm___c_trans__wrap_8c.html#7f8da48fe4dbc23aef01a714623b8a6b" title="SWIG_InitializeModule" alt="" coords="149,56,301,83">
<area shape="rect" href="$_lgm___c_trans__wrap_8c.html#ddfee1cf672308dcdd030d489f804b5f" title="SWIG_Python_FixMethods" alt="" coords="136,107,315,133">
<area shape="rect" href="$_lgm___c_trans__wrap_8c.html#995ded01a54051855bda3b831ec86a5c" title="SWIG_Python_SetConstant" alt="" coords="133,157,317,184">
<area shape="rect" href="$_lgm___c_trans__wrap_8c.html#c63ad9b58a96793188f944c92ff40ec6" title="SWIG_MangledTypeQueryModule" alt="" coords="367,5,583,32">
<area shape="rect" href="$_lgm___c_trans__wrap_8c.html#bd0cb78a9663e41312c8f14ab6715f04" title="SWIG_TypeCheck" alt="" coords="411,56,539,83">
<area shape="rect" href="$_lgm___c_trans__wrap_8c.html#10c5572eb6206df7c95c8a2fcde90911" title="SWIG_PackVoidPtr" alt="" coords="407,107,543,133">
<area shape="rect" href="$_lgm___c_trans__wrap_8c.html#02c2ac3db8ce87dd62813334e66c9a3a" title="SWIG_PackData" alt="" coords="632,107,752,133">
