<area shape="rect" href="$_lgm___c_trans_8h.html#401083eedac0b8fc82e4ab20927d499a" title="Lgm_InitPnm" alt="" coords="205,56,304,83">
<area shape="rect" href="$_lgm___c_trans__wrap_8c.html#14604bc0932d6a4a99475970ac783697" title="SWIG_AsVal_double" alt="" coords="555,107,699,133">
<area shape="rect" href="$_lgm___c_trans__wrap_8c.html#c5d34218467df201deab1b9f5cad6691" title="SWIG_AsVal_int" alt="" coords="195,157,315,184">
<area shape="rect" href="$_lgm___c_trans__wrap_8c.html#695030dbc62bde212c7b7a9169c6eee9" title="SWIG_Py_Void" alt="" coords="199,208,311,235">
<area shape="rect" href="$_lgm___c_trans_8h.html#74b4755a0468de7c8796c527c836ac13" title="Lgm_Factorial" alt="" coords="376,5,480,32">
<area shape="rect" href="$_lgm___c_trans_8h.html#22d8045554f6d6dd27b725f9c73e68ef" title="Lgm_InitdPnm" alt="" coords="376,56,480,83">
<area shape="rect" href="$_lgm___c_trans_8h.html#525177976ecea85ebc006e0a61b3fbb3" title="Lgm_InitSqrtFuncs" alt="" coords="561,56,692,83">
<area shape="rect" href="$_lgm___c_trans__wrap_8c.html#ca3c78b106b24b292a156d1f2e9d6bf7" title="SWIG_AsVal_long" alt="" coords="364,157,492,184">
<area shape="rect" href="$_lgm___c_trans__wrap_8c.html#4101ce628ad9db6a901cca96a6d36ae6" title="SWIG_CanCastAsInteger" alt="" coords="543,157,711,184">
