<area shape="rect" href="$_lgm___mag_model_info_8h.html#f6e6b0cd75ad626d41e0ce06cbec7320" title="Iinv" alt="" coords="315,107,357,133">
<area shape="rect" href="$_lgm___mag_model_info_8h.html#ea31055ca3f80f4519c263c09ac3e832" title="Iinv_interped" alt="" coords="288,157,384,184">
<area shape="rect" href="$_lgm___lstar_info_8h.html#593bd0ac5cd8b137cbc401b58219df31" title="LambdaIntegral" alt="" coords="111,208,220,235">
<area shape="rect" href="$_lgm___lstar_info_8h.html#7da6f58b128b4aef809400ada95767d4" title="MagFlux2" alt="" coords="463,259,540,285">
<area shape="rect" href="$_lgm___lstar_info_8h.html#871565dbd20b1df061fb2e706bd724db" title="MagFlux" alt="" coords="129,309,201,336">
<area shape="rect" href="$_lgm___lstar_info_8h.html#e79603e88bcb7860ca33e8fe4fbdf37f" title="FindShellLine" alt="" coords="452,157,551,184">
<area shape="rect" href="$_lgm___lstar_info_8h.html#957a4d60eb4025656b3c2557b402523e" title="Lstar" alt="" coords="613,208,664,235">
<area shape="rect" href="$_alpha_of_k_8c.html#8c0c461cb66bea86f5c7703017a24dde" title="Func" alt="" coords="476,107,527,133">
<area shape="rect" href="$_integral_invariant_8c.html#daf0aa9fb80fcc0aa8addc079df7ac7c" title="Grad_I" alt="" coords="472,5,531,32">
<area shape="rect" href="$_lgm___lstar_info_8h.html#a9a43909d59850c622768267ce73421c" title="AlphaOfK" alt="" coords="600,107,677,133">
<area shape="rect" href="$_lgm___lstar_info_8h.html#0f767b7206b1928b2f36fa7c5a26ca33" title="MagFluxIntegrand2" alt="" coords="271,208,401,235">
