<area shape="rect" href="$_lgm___c_trans_8h.html#de5bfe94202a0503dbbe1cb6a066ecf9" title="Lgm_TAI_to_UTC" alt="" coords="229,107,352,133">
<area shape="rect" href="$_lgm___c_trans__wrap_8c.html#14604bc0932d6a4a99475970ac783697" title="SWIG_AsVal_double" alt="" coords="219,157,363,184">
<area shape="rect" href="$_lgm___c_trans_8h.html#de46e5122248c7bf19ce56f2ed4b7e91" title="Lgm_GetLeapSeconds" alt="" coords="585,31,737,57">
<area shape="rect" href="$_lgm___c_trans_8h.html#7d638a5de1c5a2b0176e2c51f4e85427" title="Lgm_IsLeapSecondDay" alt="" coords="787,5,947,32">
<area shape="rect" href="$_lgm___c_trans_8h.html#73a444d73b7a1119517c60f5a070cc9d" title="Lgm_JD" alt="" coords="627,81,696,108">
<area shape="rect" href="$_lgm___c_trans_8h.html#4a4b0532bf6fb44bc8d4d9fbbab0d5cf" title="Compute the Julian Day number for the given date." alt="" coords="601,335,721,361">
<area shape="rect" href="$_lgm___c_trans_8h.html#af81b2f637efd027fd4fb425f16dd027" title="Lgm_RemapTime" alt="" coords="412,233,535,260">
<area shape="rect" href="$_lgm___c_trans_8h.html#fc2358593ed2c075d04b1ae6663a86a6" title="Lgm_UTC_to_TAI" alt="" coords="412,132,535,159">
<area shape="rect" href="$_lgm___c_trans_8h.html#e869fd88ef397bce460b886a6a1b840d" title="Lgm_JDN" alt="" coords="828,107,905,133">
<area shape="rect" href="$_lgm___c_trans_8h.html#38f91ae9f05bbcd134091cea464ee003" title="Lgm_DayOfWeek" alt="" coords="600,132,723,159">
<area shape="rect" href="$_lgm___c_trans_8h.html#104fe1084e885dd5b4e9d7421ee361a2" title="Lgm_Doy" alt="" coords="624,183,699,209">
<area shape="rect" href="$_lgm___c_trans_8h.html#661496b1335a95d593265c548f64899f" title="Lgm_hour24" alt="" coords="616,233,707,260">
<area shape="rect" href="$_lgm___c_trans_8h.html#df736dd325580fae9f0bd5fde0fab40e" title="Lgm_UT_to_HMSd" alt="" coords="596,284,727,311">
<area shape="rect" href="$_lgm___c_trans_8h.html#e6f9029d80696fdffbe753ff07962368" title="Lgm_LeapYear" alt="" coords="813,183,920,209">
