<area shape="rect" href="$_lgm___c_trans__wrap_8c.html#b3ea77456a0202171540ab01c6e3e4f7" title="SWIG_Python_ArgFail" alt="" coords="240,5,392,32">
<area shape="rect" href="$_lgm___c_trans__wrap_8c.html#c487bf25fd5238c01ad35edf4dde586f" title="SWIG_Python_TypeError" alt="" coords="232,107,400,133">
<area shape="rect" href="$_lgm___c_trans__wrap_8c.html#3f38ea686cb3f85bf6a15b08416f2684" title="SWIG_TypePrettyName" alt="" coords="1448,157,1608,184">
<area shape="rect" href="$_lgm___c_trans__wrap_8c.html#26ba14592b463c53ad77c11ae322e44f" title="SWIG_Python_AddErrMesg" alt="" coords="448,5,632,32">
<area shape="rect" href="$_lgm___c_trans__wrap_8c.html#7fabac628f98725b7869762b75b1cbf9" title="PySwigObject_Check" alt="" coords="467,157,613,184">
<area shape="rect" href="$_lgm___c_trans__wrap_8c.html#c6d3897c726b22a72be5f7e62473bc05" title="PySwigObject_GetDesc" alt="" coords="460,107,620,133">
<area shape="rect" href="$_lgm___c_trans__wrap_8c.html#e9d4495d83ff6003860842b4e0ead69e" title="PySwigObject_type" alt="" coords="680,157,816,184">
<area shape="rect" href="$_lgm___c_trans__wrap_8c.html#d4e80a848188575ad62806768b84c2af" title="_PySwigObject_type" alt="" coords="865,335,1007,361">
<area shape="rect" href="$_lgm___c_trans__wrap_8c.html#c9f4d92892b03080d537c5d2f5b67406" title="PySwigObject_compare" alt="" coords="1056,360,1216,387">
<area shape="rect" href="$_lgm___c_trans__wrap_8c.html#aefe09cae945ca4cdd2bec36f23dd0c9" title="PySwigObject_dealloc" alt="" coords="1060,157,1212,184">
<area shape="rect" href="$_lgm___c_trans__wrap_8c.html#9ef0aabe0597bad5f5ecfc2e45bdd965" title="PySwigObject_getattr" alt="" coords="1063,259,1209,285">
<area shape="rect" href="$_lgm___c_trans__wrap_8c.html#8d7ea1d473d3a3f36d240ea30f9db809" title="PySwigObject_hex" alt="" coords="1463,512,1593,539">
<area shape="rect" href="$_lgm___c_trans__wrap_8c.html#be6625f2a16f357e494899259d922675" title="PySwigObject_long" alt="" coords="1855,487,1988,513">
<area shape="rect" href="$_lgm___c_trans__wrap_8c.html#0cffee93d733cf5ed9e63ee2044b6895" title="PySwigObject_oct" alt="" coords="1268,563,1396,589">
<area shape="rect" href="$_lgm___c_trans__wrap_8c.html#e2b9dae8c96855ad0fe6079ce97ad8f8" title="PySwigObject_print" alt="" coords="1068,309,1204,336">
<area shape="rect" href="$_lgm___c_trans__wrap_8c.html#583098e08a46d7e859389718996329f7" title="PySwigObject_repr" alt="" coords="1267,360,1397,387">
<area shape="rect" href="$_lgm___c_trans__wrap_8c.html#1a26b3b5411d93510e226b6014951fe5" title="PySwigObject_str" alt="" coords="1073,208,1199,235">
<area shape="rect" href="$_lgm___c_trans__wrap_8c.html#18eb63ce971eec6dfe4d1a5e109a95b6" title="PySwigObject_New" alt="" coords="1264,107,1400,133">
<area shape="rect" href="$_lgm___c_trans__wrap_8c.html#d362b93a12769885982e7e26160c71c4" title="PySwigObject_format" alt="" coords="1657,512,1804,539">
<area shape="rect" href="$_lgm___c_trans__wrap_8c.html#10c5572eb6206df7c95c8a2fcde90911" title="SWIG_PackVoidPtr" alt="" coords="1264,208,1400,235">
<area shape="rect" href="$_lgm___c_trans__wrap_8c.html#02c2ac3db8ce87dd62813334e66c9a3a" title="SWIG_PackData" alt="" coords="1468,208,1588,235">
