<area shape="rect" href="$_lgm___mag_model_info_8h.html#35a01e17f8707981772eea21f9030af3" title="Lgm_B_cdip" alt="" coords="155,5,248,32">
<area shape="rect" href="$_lgm___mag_model_info_8h.html#197f94b29b1159e249e52d11d5aec2a8" title="Lgm_B_edip" alt="" coords="155,56,248,83">
<area shape="rect" href="$_lgm___mag_model_info_8h.html#ab7ce7544097d19271704d13d37c95e8" title="Lgm_B_igrf" alt="" coords="157,107,245,133">
<area shape="rect" href="$_lgm___mag_model_info_8h.html#478fc5100b3c6a41ed6d6f1bfd833834" title="Lgm_BC_T89" alt="" coords="152,157,251,184">
<area shape="rect" href="$_lgm___mag_model_info_8h.html#51eb3ce38725f6f1b611b47b74d8d831" title="Lgm_BM_T89" alt="" coords="151,208,252,235">
<area shape="rect" href="$_lgm___mag_model_info_8h.html#a72b7a373be2bb56c91d7f01eb7661ac" title="Lgm_BRC_T89" alt="" coords="148,259,255,285">
<area shape="rect" href="$_lgm___mag_model_info_8h.html#da0b31e3edf146da2f49f5088e4a20ba" title="Lgm_BT_T89" alt="" coords="152,309,251,336">
<area shape="rect" href="$_lgm___c_trans_8h.html#ceacbb0a4b655abde050d74521fc48f1" title="Lgm_B_cdip_ctrans" alt="" coords="304,5,440,32">
<area shape="rect" href="$_lgm___c_trans_8h.html#5302ef2d070d2764b911aac4cbd2f4f0" title="Lgm_B_edip_ctrans" alt="" coords="304,56,440,83">
<area shape="rect" href="$_lgm___c_trans_8h.html#a4f2ee6f388d4fa3cdb77be97795613f" title="Lgm_B_igrf_ctrans" alt="" coords="307,107,437,133">
<area shape="rect" href="$_lgm___c_trans_8h.html#bb565097b3362f61a99072fa6894cd83" title="Lgm_Convert_Coords" alt="" coords="488,81,635,108">
<area shape="rect" href="$_lgm___c_trans_8h.html#6a634fc761a3edba434928a278d3058a" title="Lgm_IGRF" alt="" coords="520,132,603,159">
<area shape="rect" href="$_lgm___vec_8h.html#db5066af69d0f56f0880a098655383ff" title="Lgm_MatTimesVec" alt="" coords="683,81,816,108">
<area shape="rect" href="$_lgm___c_trans_8h.html#844a4dedb8aaf168e08a7f79e1d465c4" title="_Lgm_IGRF4" alt="" coords="700,132,799,159">
<area shape="rect" href="$_lgm___c_trans_8h.html#9a4228c946c00806063a562ea8b5a910" title="Lgm_PolFunInt" alt="" coords="695,183,804,209">
<area shape="rect" href="$_lgm___c_trans_8h.html#6cda667f1a74bdd3549eeb54f805755e" title="Lgm_InitIGRF" alt="" coords="869,56,971,83">
<area shape="rect" href="$_lgm___c_trans_8h.html#09e15d914fd48a3df511a033e6eed606" title="Lgm_InitK" alt="" coords="880,107,960,133">
<area shape="rect" href="$_lgm___c_trans_8h.html#1754fc8886cfcd3bf3e97dfc38767190" title="Lgm_InitS" alt="" coords="880,157,960,184">
<area shape="rect" href="$_lgm___c_trans_8h.html#1ab827e0002cede47df3f63d554ecd85" title="Lgm_InitTrigmp" alt="" coords="864,208,976,235">
