<area shape="rect" href="$_lgm___c_trans_8h.html#d4a678dcb663a0006bd0f7b5146e765c" title="_Lgm_IGRF" alt="" coords="197,56,288,83">
<area shape="rect" href="$_lgm___c_trans__wrap_8c.html#695030dbc62bde212c7b7a9169c6eee9" title="SWIG_Py_Void" alt="" coords="187,107,299,133">
<area shape="rect" href="$_lgm___c_trans_8h.html#6cda667f1a74bdd3549eeb54f805755e" title="Lgm_InitIGRF" alt="" coords="352,5,453,32">
<area shape="rect" href="$_lgm___c_trans_8h.html#401083eedac0b8fc82e4ab20927d499a" title="Lgm_InitPnm" alt="" coords="353,56,452,83">
<area shape="rect" href="$_lgm___c_trans_8h.html#1ab827e0002cede47df3f63d554ecd85" title="Lgm_InitTrigmp" alt="" coords="347,107,459,133">
<area shape="rect" href="$_lgm___c_trans_8h.html#74b4755a0468de7c8796c527c836ac13" title="Lgm_Factorial" alt="" coords="508,31,612,57">
<area shape="rect" href="$_lgm___c_trans_8h.html#22d8045554f6d6dd27b725f9c73e68ef" title="Lgm_InitdPnm" alt="" coords="508,81,612,108">
<area shape="rect" href="$_lgm___c_trans_8h.html#525177976ecea85ebc006e0a61b3fbb3" title="Lgm_InitSqrtFuncs" alt="" coords="663,81,793,108">
