<area shape="rect" href="$_trace_line_8c.html#a82612dffc3edae2b3fce7cb94e435c0" title="AddNewPoint" alt="" coords="405,108,504,135">
<area shape="rect" href="$_trace_line_8c.html#3683689fb880f54289fd4600f8b7dfc9" title="Lgm_TraceLine" alt="" coords="591,7,700,33">
<area shape="rect" href="$_trace_line_8c.html#603527e81ecde7cb9495efc9bcb6d386" title="Lgm_TraceLine2" alt="" coords="587,159,704,185">
<area shape="rect" href="$_trace_line_8c.html#be359d7bc7bae132a2e5bff78da3d9b2" title="BofS" alt="" coords="213,272,264,299">
<area shape="rect" href="$_lgm___mag_model_info_8h.html#5138e7f3fa8a67aa8ab528ba9cd606d2" title="Lgm_B_FromScatteredData" alt="" coords="148,399,329,425">
<area shape="rect" href="$_t87_8c.html#dfe0b15e7b693dedec20a33edf1e4790" title="Lgm_B_T87" alt="" coords="193,449,284,476">
<area shape="rect" href="$_t89_8c.html#d31ae081cf3eed687888470191d52b4b" title="Lgm_B_T89" alt="" coords="193,500,284,527">
<area shape="rect" href="$_t_s04_8c.html#59f3922662b5fde2ade3e5e4a30e33ef" title="Lgm_B_TS04" alt="" coords="189,551,288,577">
<area shape="rect" href="$_trace_line_8c.html#069290bbefbad1db8e625b9e8a0d3a5e" title="ReplaceFirstPoint" alt="" coords="584,361,707,388">
<area shape="rect" href="$_lgm___lstar_info_8h.html#e79603e88bcb7860ca33e8fe4fbdf37f" title="FindShellLine" alt="" coords="761,209,860,236">
<area shape="rect" href="$_lgm___lstar_info_8h.html#957a4d60eb4025656b3c2557b402523e" title="Lstar" alt="" coords="923,184,973,211">
<area shape="rect" href="$_alpha_of_k_8c.html#8c0c461cb66bea86f5c7703017a24dde" title="Func" alt="" coords="785,57,836,84">
<area shape="rect" href="$_lgm___lstar_info_8h.html#a9a43909d59850c622768267ce73421c" title="AlphaOfK" alt="" coords="909,57,987,84">
<area shape="rect" href="$_lgm___mag_model_info_8h.html#9a3dcc288db0c9c8153abd181494514e" title="I_integrand_interped" alt="" coords="385,209,524,236">
<area shape="rect" href="$_sb_integral_8c.html#1828b0051c3925909496a0d956bcaab3" title="Sb_integrand_interped" alt="" coords="380,260,529,287">
<area shape="rect" href="$_trace_line_8c.html#d90887c3d7981a285406d4a15192ac44" title="SofBm" alt="" coords="424,311,485,337">
<area shape="rect" href="$_lgm___mag_model_info_8h.html#ea31055ca3f80f4519c263c09ac3e832" title="Iinv_interped" alt="" coords="597,260,693,287">
<area shape="rect" href="$_sb_integral_8c.html#d53ba64293ea16f5d1878d483d62fcd4" title="SbIntegral_interped" alt="" coords="579,311,712,337">
