<area shape="rect" href="$_lgm___c_trans_8h.html" title="/home/mgh/LanlGeoMag/libLanlGeoMag/Lgm/Lgm_CTrans.h" alt="" coords="5396,80,5767,107">
<area shape="rect" href="$_lgm___trace_8c.html" title="/home/mgh/LanlGeoMag/libLanlGeoMag/Lgm_Trace.c" alt="" coords="7323,229,7656,256">
<area shape="rect" href="$_lgm___trace_to_earth_8c.html" title="/home/mgh/LanlGeoMag/libLanlGeoMag/Lgm_TraceToEarth.c" alt="" coords="7680,229,8059,256">
<area shape="rect" href="$_lgm___trace_to_spherical_earth_8c.html" title="/home/mgh/LanlGeoMag/libLanlGeoMag/Lgm_TraceToSphericalEarth.c" alt="" coords="8083,229,8515,256">
<area shape="rect" href="$_lgm___mag_model_info_8h.html" title="/home/mgh/LanlGeoMag/libLanlGeoMag/Lgm/Lgm_MagModelInfo.h" alt="" coords="4004,155,4415,181">
<area shape="rect" href="$_lgm___a_e8___a_p8_8c.html" title="/home/mgh/LanlGeoMag/libLanlGeoMag/Lgm_AE8_AP8.c" alt="" coords="5,229,363,256">
<area shape="rect" href="$_lgm___c_trans_8c.html" title="/home/mgh/LanlGeoMag/libLanlGeoMag/Lgm_CTrans.c" alt="" coords="4439,155,4780,181">
<area shape="rect" href="$_lgm___c_trans__wrap_8c.html" title="/home/mgh/LanlGeoMag/libLanlGeoMag/Lgm_CTrans_wrap.c" alt="" coords="4804,155,5180,181">
<area shape="rect" href="$_lgm___date_and_time_8c.html" title="/home/mgh/LanlGeoMag/libLanlGeoMag/Lgm_DateAndTime.c" alt="" coords="5204,155,5583,181">
<area shape="rect" href="$_lgm___eop_8c.html" title="/home/mgh/LanlGeoMag/libLanlGeoMag/Lgm_Eop.c" alt="" coords="5607,155,5929,181">
<area shape="rect" href="$_lgm___i_g_r_f_8c.html" title="/home/mgh/LanlGeoMag/libLanlGeoMag/Lgm_IGRF.c" alt="" coords="5953,155,6284,181">
<area shape="rect" href="$_lgm___nutation_8c.html" title="/home/mgh/LanlGeoMag/libLanlGeoMag/Lgm_Nutation.c" alt="" coords="6308,155,6655,181">
<area shape="rect" href="$_lgm___sgp_8c.html" title="/home/mgh/LanlGeoMag/libLanlGeoMag/Lgm_Sgp.c" alt="" coords="6679,155,7001,181">
<area shape="rect" href="$_alpha_of_k_8c.html" title="/home/mgh/LanlGeoMag/libLanlGeoMag/AlphaOfK.c" alt="" coords="3621,304,3947,331">
<area shape="rect" href="$_lgm___lstar_info_8h.html" title="/home/mgh/LanlGeoMag/libLanlGeoMag/Lgm/Lgm_LstarInfo.h" alt="" coords="4133,229,4512,256">
<area shape="rect" href="$_compute_lstar_8c.html" title="/home/mgh/LanlGeoMag/libLanlGeoMag/ComputeLstar.c" alt="" coords="3971,304,4317,331">
<area shape="rect" href="$_drift_shell_8c.html" title="/home/mgh/LanlGeoMag/libLanlGeoMag/DriftShell.c" alt="" coords="4341,304,4661,331">
<area shape="rect" href="$_lgm___mag_ephem_info_8h.html" title="/home/mgh/LanlGeoMag/libLanlGeoMag/Lgm/Lgm_MagEphemInfo.h" alt="" coords="4685,304,5101,331">
<area shape="rect" href="$_b___from_scattered_data_8c.html" title="/home/mgh/LanlGeoMag/libLanlGeoMag/B_FromScatteredData.c" alt="" coords="4637,229,5035,256">
<area shape="rect" href="$_integral_invariant_8c.html" title="/home/mgh/LanlGeoMag/libLanlGeoMag/IntegralInvariant.c" alt="" coords="5059,229,5419,256">
<area shape="rect" href="$_lgm___b__internal_8c.html" title="/home/mgh/LanlGeoMag/libLanlGeoMag/Lgm_B_internal.c" alt="" coords="5443,229,5800,256">
<area shape="rect" href="$_lgm___init_mag_info_8c.html" title="/home/mgh/LanlGeoMag/libLanlGeoMag/Lgm_InitMagInfo.c" alt="" coords="5824,229,6189,256">
<area shape="rect" href="$_lgm___simplified_mead_8c.html" title="/home/mgh/LanlGeoMag/libLanlGeoMag/Lgm_SimplifiedMead.c" alt="" coords="6213,229,6603,256">
<area shape="rect" href="$_mag_step_8c.html" title="/home/mgh/LanlGeoMag/libLanlGeoMag/MagStep.c" alt="" coords="6627,229,6947,256">
<area shape="rect" href="$_sb_integral_8c.html" title="/home/mgh/LanlGeoMag/libLanlGeoMag/SbIntegral.c" alt="" coords="6971,229,7299,256">
<area shape="rect" href="$_t87_8c.html" title="/home/mgh/LanlGeoMag/libLanlGeoMag/T87.c" alt="" coords="387,229,677,256">
<area shape="rect" href="$_t89_8c.html" title="/home/mgh/LanlGeoMag/libLanlGeoMag/T89.c" alt="" coords="701,229,992,256">
<area shape="rect" href="$_t96___m_o_d___m_g_h_8c.html" title="/home/mgh/LanlGeoMag/libLanlGeoMag/T96_MOD_MGH.c" alt="" coords="1016,229,1379,256">
<area shape="rect" href="$_trace_line_8c.html" title="/home/mgh/LanlGeoMag/libLanlGeoMag/TraceLine.c" alt="" coords="1403,229,1728,256">
<area shape="rect" href="$_trace_to_earth_8c.html" title="/home/mgh/LanlGeoMag/libLanlGeoMag/TraceToEarth.c" alt="" coords="1752,229,2099,256">
<area shape="rect" href="$_trace_to_min_b_surf_8c.html" title="/home/mgh/LanlGeoMag/libLanlGeoMag/TraceToMinBSurf.c" alt="" coords="2123,229,2491,256">
<area shape="rect" href="$_trace_to_min_rdot_b_8c.html" title="/home/mgh/LanlGeoMag/libLanlGeoMag/TraceToMinRdotB.c" alt="" coords="2515,229,2885,256">
<area shape="rect" href="$_trace_to_mirror_point2_8c.html" title="/home/mgh/LanlGeoMag/libLanlGeoMag/TraceToMirrorPoint2.c" alt="" coords="2909,229,3293,256">
<area shape="rect" href="$_trace_to_s_m_equat_8c.html" title="/home/mgh/LanlGeoMag/libLanlGeoMag/TraceToSMEquat.c" alt="" coords="3317,229,3685,256">
<area shape="rect" href="$_t_s04_8c.html" title="/home/mgh/LanlGeoMag/libLanlGeoMag/TS04.c" alt="" coords="3709,229,4008,256">
<area shape="rect" href="$_lgm___init_mag_ephem_info_8c.html" title="/home/mgh/LanlGeoMag/libLanlGeoMag/Lgm_InitMagEphemInfo.c" alt="" coords="4691,379,5096,405">
