<area shape="rect" href="$_lgm___sgp_8h.html#1cdf495d9a7e1309a4b1ababdc14a64c" title="Lgm_SgpDecodeTle" alt="" coords="265,132,404,159">
<area shape="rect" href="$_lgm___sgp_8h.html#6271ed7e00e88083593d9823dd3f5a9a" title="LgmSgp_TleChecksum" alt="" coords="257,183,412,209">
<area shape="rect" href="$_lgm___c_trans_8h.html#38f91ae9f05bbcd134091cea464ee003" title="Lgm_DayOfWeek" alt="" coords="463,56,585,83">
<area shape="rect" href="$_lgm___c_trans_8h.html#104fe1084e885dd5b4e9d7421ee361a2" title="Lgm_Doy" alt="" coords="487,5,561,32">
<area shape="rect" href="$_lgm___c_trans_8h.html#5434c56ab7ae78cd7186d0c9dc17004c" title="Lgm_free_ctrans" alt="" coords="465,107,583,133">
<area shape="rect" href="$_lgm___c_trans_8h.html#fcde56b5112b21766bf3569c62d6ab0b" title="Lgm_init_ctrans" alt="" coords="468,208,580,235">
<area shape="rect" href="$_lgm___c_trans_8h.html#73a444d73b7a1119517c60f5a070cc9d" title="Lgm_JD" alt="" coords="489,157,559,184">
<area shape="rect" href="$_lgm___c_trans_8h.html#4c5eb958c42764eb7c98c2209a191d6e" title="Lgm_UT_to_HMS" alt="" coords="463,259,585,285">
<area shape="rect" href="$_lgm___c_trans_8h.html#e869fd88ef397bce460b886a6a1b840d" title="Lgm_JDN" alt="" coords="676,81,753,108">
<area shape="rect" href="$_lgm___c_trans_8h.html#e6f9029d80696fdffbe753ff07962368" title="Lgm_LeapYear" alt="" coords="661,5,768,32">
<area shape="rect" href="$_lgm___c_trans_8h.html#ffe919b2830c07067e255ca1a454a05a" title="Lgm_LoadLeapSeconds" alt="" coords="635,208,795,235">
<area shape="rect" href="$_lgm___c_trans_8h.html#4a4b0532bf6fb44bc8d4d9fbbab0d5cf" title="Compute the Julian Day number for the given date." alt="" coords="844,208,964,235">
<area shape="rect" href="$_lgm___c_trans_8h.html#7d638a5de1c5a2b0176e2c51f4e85427" title="Lgm_IsLeapSecondDay" alt="" coords="635,157,795,184">
