<area shape="rect" href="$_lgm___c_trans_8h.html#bb565097b3362f61a99072fa6894cd83" title="Lgm_Convert_Coords" alt="" coords="243,5,389,32">
<area shape="rect" href="$_lgm___c_trans__wrap_8c.html#c5d34218467df201deab1b9f5cad6691" title="SWIG_AsVal_int" alt="" coords="256,56,376,83">
<area shape="rect" href="$_lgm___c_trans__wrap_8c.html#695030dbc62bde212c7b7a9169c6eee9" title="SWIG_Py_Void" alt="" coords="260,107,372,133">
<area shape="rect" href="$_lgm___vec_8h.html#db5066af69d0f56f0880a098655383ff" title="Lgm_MatTimesVec" alt="" coords="437,5,571,32">
<area shape="rect" href="$_lgm___c_trans__wrap_8c.html#ca3c78b106b24b292a156d1f2e9d6bf7" title="SWIG_AsVal_long" alt="" coords="440,56,568,83">
<area shape="rect" href="$_lgm___c_trans__wrap_8c.html#14604bc0932d6a4a99475970ac783697" title="SWIG_AsVal_double" alt="" coords="632,31,776,57">
<area shape="rect" href="$_lgm___c_trans__wrap_8c.html#4101ce628ad9db6a901cca96a6d36ae6" title="SWIG_CanCastAsInteger" alt="" coords="620,81,788,108">
