<area shape="rect" href="$_lgm___date_and_time_8c.html#f1fcad21e7b32777e138bb09ca9f8120" title="Lgm_DateTime_Create" alt="" coords="179,5,333,32">
<area shape="rect" href="$_lgm___date_and_time_8c.html#108f442f417d37e973701a8fae629ba9" title="Lgm_Make_UTC" alt="" coords="197,56,315,83">
<area shape="rect" href="$_lgm___date_and_time_8c.html#de5bfe94202a0503dbbe1cb6a066ecf9" title="Lgm_TAI_to_UTC" alt="" coords="195,107,317,133">
<area shape="rect" href="$_lgm___c_trans__wrap_8c.html#e944eeaec4111069d654263e7608e590" title="_wrap_Lgm_TAI_to_UTC" alt="" coords="387,31,549,57">
<area shape="rect" href="$_lgm___date_and_time_8c.html#1ff96bc78656dfc6ab411f6b4d8993f1" title="Lgm_GPS_to_UTC" alt="" coords="403,81,533,108">
<area shape="rect" href="$_lgm___date_and_time_8c.html#906b9059ecb4e21fa8bf26b91df3dbad" title="Lgm_TaiSeconds_to_UTC" alt="" coords="383,132,553,159">
<area shape="rect" href="$_lgm___date_and_time_8c.html#a574b2bf1ef2d8826ecda810565ffc78" title="Lgm_TT_to_UTC" alt="" coords="408,183,528,209">
<area shape="rect" href="$_lgm___date_and_time_8c.html#e359f512f21bf55270e5454b9089cf2f" title="Lgm_GpsSeconds_to_UTC" alt="" coords="603,81,781,108">
<area shape="rect" href="$_lgm___c_trans__wrap_8c.html#2cb06ccffbdf8793a465fb46bec96167" title="_wrap_Lgm_TT_to_UTC" alt="" coords="612,157,772,184">
<area shape="rect" href="$_lgm___date_and_time_8c.html#04a7c2b17ac1343bdb83bdc8d2204719" title="Lgm_TDB_to_UTC" alt="" coords="628,208,756,235">
