<area shape="rect" href="$_lgm___date_and_time_8c.html#f1fcad21e7b32777e138bb09ca9f8120" title="Lgm_DateTime_Create" alt="" coords="196,5,351,32">
<area shape="rect" href="$_lgm___date_and_time_8c.html#108f442f417d37e973701a8fae629ba9" title="Lgm_Make_UTC" alt="" coords="215,56,332,83">
<area shape="rect" href="$_lgm___c_trans_8c.html#60cb99abfbae34ae5e7a41c797dcac0e" title="Lgm_Set_Coord_Transforms" alt="" coords="180,107,367,133">
<area shape="rect" href="$_lgm___sgp_8c.html#1cdf495d9a7e1309a4b1ababdc14a64c" title="Lgm_SgpDecodeTle" alt="" coords="204,157,343,184">
<area shape="rect" href="$_lgm___date_and_time_8c.html#fc2358593ed2c075d04b1ae6663a86a6" title="Lgm_UTC_to_TAI" alt="" coords="212,335,335,361">
<area shape="rect" href="$_lgm___c_trans__wrap_8c.html#224c5cd9f7a9ac35692390380095818d" title="_wrap_Lgm_Set_Coord_Transforms" alt="" coords="417,56,644,83">
<area shape="rect" href="$_lgm___lstar_info_8h.html#68ec464c1b33f0b437d856629f0dd901" title="NewTimeLstarInfo" alt="" coords="468,107,593,133">
<area shape="rect" href="$_lgm___sgp_8c.html#21a21fc6d39baa848658e76b661a8063" title="LgmSgp_ReadTlesFromFile" alt="" coords="440,157,621,184">
<area shape="rect" href="$_lgm___sgp_8c.html#c8c62bf872785b575faa2f2c6093049a" title="LgmSgp_ReadTlesFromStrings" alt="" coords="429,208,632,235">
<area shape="rect" href="$_lgm___c_trans__wrap_8c.html#5f84de827388a9cce26589737f3e8936" title="_wrap_Lgm_UTC_to_TAI" alt="" coords="449,259,612,285">
<area shape="rect" href="$_lgm___date_and_time_8c.html#de5bfe94202a0503dbbe1cb6a066ecf9" title="Lgm_TAI_to_UTC" alt="" coords="469,309,592,336">
<area shape="rect" href="$_lgm___date_and_time_8c.html#ab03f400cbc08ffa12348eb15bf37eb5" title="Lgm_UTC_to_GPS" alt="" coords="465,360,596,387">
<area shape="rect" href="$_lgm___date_and_time_8c.html#9c99186b444f75dd856bd789298b9cb8" title="Lgm_UTC_to_TaiSeconds" alt="" coords="445,411,616,437">
<area shape="rect" href="$_lgm___date_and_time_8c.html#5ee50179c8f841ba7e3377fc23793c37" title="Lgm_UTC_to_TT" alt="" coords="471,461,591,488">
<area shape="rect" href="$_lgm___c_trans__wrap_8c.html#e944eeaec4111069d654263e7608e590" title="_wrap_Lgm_TAI_to_UTC" alt="" coords="701,208,864,235">
<area shape="rect" href="$_lgm___date_and_time_8c.html#1ff96bc78656dfc6ab411f6b4d8993f1" title="Lgm_GPS_to_UTC" alt="" coords="717,259,848,285">
<area shape="rect" href="$_lgm___date_and_time_8c.html#906b9059ecb4e21fa8bf26b91df3dbad" title="Lgm_TaiSeconds_to_UTC" alt="" coords="697,309,868,336">
<area shape="rect" href="$_lgm___date_and_time_8c.html#a574b2bf1ef2d8826ecda810565ffc78" title="Lgm_TT_to_UTC" alt="" coords="723,360,843,387">
<area shape="rect" href="$_lgm___date_and_time_8c.html#e359f512f21bf55270e5454b9089cf2f" title="Lgm_GpsSeconds_to_UTC" alt="" coords="920,259,1099,285">
<area shape="rect" href="$_lgm___c_trans__wrap_8c.html#2cb06ccffbdf8793a465fb46bec96167" title="_wrap_Lgm_TT_to_UTC" alt="" coords="929,335,1089,361">
<area shape="rect" href="$_lgm___date_and_time_8c.html#04a7c2b17ac1343bdb83bdc8d2204719" title="Lgm_TDB_to_UTC" alt="" coords="945,385,1073,412">
<area shape="rect" href="$_lgm___date_and_time_8c.html#a242e28151e439aefeb83cd85c735903" title="Lgm_UTC_to_GpsSeconds" alt="" coords="693,411,872,437">
<area shape="rect" href="$_lgm___c_trans__wrap_8c.html#e04c503be29d1cac21554295e13a4799" title="_wrap_Lgm_UTC_to_TT" alt="" coords="703,461,863,488">
<area shape="rect" href="$_lgm___date_and_time_8c.html#f30246cdf6676c764baedf2ee8717e9b" title="Lgm_UTC_to_TDB" alt="" coords="719,512,847,539">
