<area shape="rect" href="$_lgm___c_trans_8h.html#bb565097b3362f61a99072fa6894cd83" title="Lgm_Convert_Coords" alt="" coords="184,31,331,57">
<area shape="rect" href="$_lgm___c_trans_8h.html#6a634fc761a3edba434928a278d3058a" title="Lgm_IGRF" alt="" coords="216,81,299,108">
<area shape="rect" href="$_lgm___vec_8h.html#db5066af69d0f56f0880a098655383ff" title="Lgm_MatTimesVec" alt="" coords="379,31,512,57">
<area shape="rect" href="$_lgm___c_trans_8h.html#844a4dedb8aaf168e08a7f79e1d465c4" title="_Lgm_IGRF4" alt="" coords="396,81,495,108">
<area shape="rect" href="$_lgm___c_trans_8h.html#9a4228c946c00806063a562ea8b5a910" title="Lgm_PolFunInt" alt="" coords="391,132,500,159">
<area shape="rect" href="$_lgm___c_trans_8h.html#6cda667f1a74bdd3549eeb54f805755e" title="Lgm_InitIGRF" alt="" coords="565,5,667,32">
<area shape="rect" href="$_lgm___c_trans_8h.html#09e15d914fd48a3df511a033e6eed606" title="Lgm_InitK" alt="" coords="576,56,656,83">
<area shape="rect" href="$_lgm___c_trans_8h.html#1754fc8886cfcd3bf3e97dfc38767190" title="Lgm_InitS" alt="" coords="576,107,656,133">
<area shape="rect" href="$_lgm___c_trans_8h.html#1ab827e0002cede47df3f63d554ecd85" title="Lgm_InitTrigmp" alt="" coords="560,157,672,184">
