<area shape="rect" href="$_lgm___date_and_time_8c.html#38f91ae9f05bbcd134091cea464ee003" title="Lgm_DayOfWeek" alt="" coords="163,255,285,281">
<area shape="rect" href="$_lgm___date_and_time_8c.html#62bc389169141b90c128c1413f10ba9a" title="Lgm_GPS_to_GpsSeconds" alt="" coords="133,77,315,104">
<area shape="rect" href="$_lgm___date_and_time_8c.html#73a444d73b7a1119517c60f5a070cc9d" title="Lgm_JD" alt="" coords="189,584,259,611">
<area shape="rect" href="$_lgm___date_and_time_8c.html#8d1a12a1442f0fed2e64749c47db8157" title="Lgm_TAI_to_TaiSeconds" alt="" coords="141,748,307,775">
<area shape="rect" href="$_lgm___date_and_time_8c.html#07aa79aa96c76993e5770b7a5967f663" title="Lgm_TDBSecSinceJ2000" alt="" coords="139,1027,309,1053">
<area shape="rect" href="$_lgm___date_and_time_8c.html#f1fcad21e7b32777e138bb09ca9f8120" title="Lgm_DateTime_Create" alt="" coords="376,280,531,307">
<area shape="rect" href="$_lgm___date_and_time_8c.html#108f442f417d37e973701a8fae629ba9" title="Lgm_Make_UTC" alt="" coords="395,229,512,256">
<area shape="rect" href="$_lgm___c_trans_8c.html#60cb99abfbae34ae5e7a41c797dcac0e" title="Lgm_Set_Coord_Transforms" alt="" coords="600,685,787,712">
<area shape="rect" href="$_lgm___sgp_8c.html#1cdf495d9a7e1309a4b1ababdc14a64c" title="Lgm_SgpDecodeTle" alt="" coords="384,77,523,104">
<area shape="rect" href="$_lgm___date_and_time_8c.html#fc2358593ed2c075d04b1ae6663a86a6" title="Lgm_UTC_to_TAI" alt="" coords="392,381,515,408">
<area shape="rect" href="$_lgm___c_trans__wrap_8c.html#224c5cd9f7a9ac35692390380095818d" title="_wrap_Lgm_Set_Coord_Transforms" alt="" coords="844,648,1071,675">
<area shape="rect" href="$_lgm___lstar_info_8h.html#68ec464c1b33f0b437d856629f0dd901" title="NewTimeLstarInfo" alt="" coords="895,699,1020,725">
<area shape="rect" href="$_lgm___sgp_8c.html#21a21fc6d39baa848658e76b661a8063" title="LgmSgp_ReadTlesFromFile" alt="" coords="603,77,784,104">
<area shape="rect" href="$_lgm___sgp_8c.html#c8c62bf872785b575faa2f2c6093049a" title="LgmSgp_ReadTlesFromStrings" alt="" coords="592,27,795,53">
<area shape="rect" href="$_lgm___c_trans__wrap_8c.html#5f84de827388a9cce26589737f3e8936" title="_wrap_Lgm_UTC_to_TAI" alt="" coords="612,381,775,408">
<area shape="rect" href="$_lgm___date_and_time_8c.html#de5bfe94202a0503dbbe1cb6a066ecf9" title="Lgm_TAI_to_UTC" alt="" coords="632,457,755,484">
<area shape="rect" href="$_lgm___date_and_time_8c.html#ab03f400cbc08ffa12348eb15bf37eb5" title="Lgm_UTC_to_GPS" alt="" coords="628,331,759,357">
<area shape="rect" href="$_lgm___date_and_time_8c.html#9c99186b444f75dd856bd789298b9cb8" title="Lgm_UTC_to_TaiSeconds" alt="" coords="608,913,779,940">
<area shape="rect" href="$_lgm___date_and_time_8c.html#5ee50179c8f841ba7e3377fc23793c37" title="Lgm_UTC_to_TT" alt="" coords="633,863,753,889">
<area shape="rect" href="$_lgm___c_trans__wrap_8c.html#e944eeaec4111069d654263e7608e590" title="_wrap_Lgm_TAI_to_UTC" alt="" coords="876,461,1039,488">
<area shape="rect" href="$_lgm___date_and_time_8c.html#1ff96bc78656dfc6ab411f6b4d8993f1" title="Lgm_GPS_to_UTC" alt="" coords="892,524,1023,551">
<area shape="rect" href="$_lgm___date_and_time_8c.html#906b9059ecb4e21fa8bf26b91df3dbad" title="Lgm_TaiSeconds_to_UTC" alt="" coords="872,411,1043,437">
<area shape="rect" href="$_lgm___date_and_time_8c.html#a574b2bf1ef2d8826ecda810565ffc78" title="Lgm_TT_to_UTC" alt="" coords="897,775,1017,801">
<area shape="rect" href="$_lgm___date_and_time_8c.html#e359f512f21bf55270e5454b9089cf2f" title="Lgm_GpsSeconds_to_UTC" alt="" coords="1120,524,1299,551">
<area shape="rect" href="$_lgm___c_trans__wrap_8c.html#2cb06ccffbdf8793a465fb46bec96167" title="_wrap_Lgm_TT_to_UTC" alt="" coords="1129,775,1289,801">
<area shape="rect" href="$_lgm___date_and_time_8c.html#04a7c2b17ac1343bdb83bdc8d2204719" title="Lgm_TDB_to_UTC" alt="" coords="1145,907,1273,933">
<area shape="rect" href="$_lgm___date_and_time_8c.html#a242e28151e439aefeb83cd85c735903" title="Lgm_UTC_to_GpsSeconds" alt="" coords="868,77,1047,104">
<area shape="rect" href="$_lgm___c_trans__wrap_8c.html#e04c503be29d1cac21554295e13a4799" title="_wrap_Lgm_UTC_to_TT" alt="" coords="877,863,1037,889">
<area shape="rect" href="$_lgm___date_and_time_8c.html#f30246cdf6676c764baedf2ee8717e9b" title="Lgm_UTC_to_TDB" alt="" coords="893,939,1021,965">
<area shape="rect" href="$_lgm___date_and_time_8c.html#ceea9bbfdf0bc68de7a2fe4e406707a3" title="Lgm_Date_to_JD" alt="" coords="393,584,513,611">
<area shape="rect" href="$_lgm___date_and_time_8c.html#1808acdcc963d25827db876e77d17b5f" title="Lgm_DayOfYear" alt="" coords="396,635,511,661">
<area shape="rect" href="$_lgm___c_trans_8c.html#8282c3981409facddb1146c8a38a6473" title="Lgm_GetCurrentJD" alt="" coords="388,128,519,155">
<area shape="rect" href="$_lgm___date_and_time_8c.html#ae7db2b4a40466c781a6a29f91a51133" title="Lgm_GPS_to_TAI" alt="" coords="631,531,756,557">
<area shape="rect" href="$_lgm___date_and_time_8c.html#43cca8555131bec5ffeb9d6d39c34b9b" title="Lgm_MJD" alt="" coords="413,837,493,864">
<area shape="rect" href="$_lgm___date_and_time_8c.html#38a6c5c43a1767d6f26c90f7970882e0" title="Lgm_TAI_to_GPS" alt="" coords="391,331,516,357">
<area shape="rect" href="$_lgm___date_and_time_8c.html#df975a9192e9f08e25898ad3bdf906ff" title="Lgm_TAI_to_TT" alt="" coords="396,888,511,915">
<area shape="rect" href="$_lgm___date_and_time_8c.html#0d5b5fb558ccb33fe27b2a5452c8e143" title="Lgm_TDB_to_TT" alt="" coords="633,1015,753,1041">
<area shape="rect" href="$_lgm___date_and_time_8c.html#1c9dffe866b03fe6c519bba85445b8ef" title="Lgm_TT_to_TAI" alt="" coords="636,736,751,763">
<area shape="rect" href="$_lgm___date_and_time_8c.html#22d70f08569629bfb06991502e8a2943" title="Lgm_TT_to_TDB" alt="" coords="393,989,513,1016">
<area shape="rect" href="$_lgm___date_and_time_8c.html#10a71e0d594a09fd5a859d481a7c9dc6" title="Lgm_TT_to_TDB_IAU2006" alt="" coords="365,483,541,509">
<area shape="rect" href="$_lgm___c_trans__wrap_8c.html#9be34459cfe3365140eff85282d2c034" title="_wrap_Lgm_GetCurrentJD" alt="" coords="607,128,780,155">
<area shape="rect" href="$_lgm___c_trans_8c.html#cb69b434aa7af16c67eadb8679d700fc" title="Lgm_GetCurrentMJD" alt="" coords="621,229,765,256">
<area shape="rect" href="$_lgm___eop_8c.html#347307f1d5e5e8ddeb1159efb500169e" title="Lgm_init_eop" alt="" coords="644,179,743,205">
<area shape="rect" href="$_lgm___c_trans__wrap_8c.html#dffe7e4ea50bafe5919897240956d84b" title="_wrap_Lgm_GetCurrentMJD" alt="" coords="865,229,1049,256">
<area shape="rect" href="$_lgm___date_and_time_8c.html#70d002da98009a23c04a5ba8a934caeb" title="Lgm_UTC_to_TDBSeconds" alt="" coords="364,1141,543,1168">
