<area shape="rect" href="$_lgm___c_trans__wrap_8c.html#f903e6809a1fb2ba06deff49795c6e65" title="SWIG_PackDataName" alt="" coords="173,155,328,181">
<area shape="rect" href="$_lgm___c_trans__wrap_8c.html#10c5572eb6206df7c95c8a2fcde90911" title="SWIG_PackVoidPtr" alt="" coords="183,227,319,253">
<area shape="rect" href="$_lgm___c_trans__wrap_8c.html#604788af1d7fddfbbd29293b23bcf5e6" title="PySwigPacked_print" alt="" coords="396,64,537,91">
<area shape="rect" href="$_lgm___c_trans__wrap_8c.html#fe4230f7d7cd8572675591d9bd567e39" title="PySwigPacked_repr" alt="" coords="397,115,536,141">
<area shape="rect" href="$_lgm___c_trans__wrap_8c.html#4aafdf94b1093eb068db5a38cae9bd9b" title="PySwigPacked_str" alt="" coords="401,165,532,192">
<area shape="rect" href="$_lgm___c_trans__wrap_8c.html#9532dff6bcf1994e843fd0803d79b037" title="_PySwigPacked_type" alt="" coords="607,81,753,108">
<area shape="rect" href="$_lgm___c_trans__wrap_8c.html#2d66332c0a8eaead061332f64fc42a5c" title="PySwigPacked_Check" alt="" coords="804,56,956,83">
<area shape="rect" href="$_lgm___c_trans__wrap_8c.html#041fc4772cdfaf56c8f57c5032faf1a6" title="PySwigPacked_type" alt="" coords="809,107,951,133">
<area shape="rect" href="$_lgm___c_trans__wrap_8c.html#c9b284b0fe255de9931ac7f5c9509875" title="PySwigPacked_dealloc" alt="" coords="1021,5,1179,32">
<area shape="rect" href="$_lgm___c_trans__wrap_8c.html#039374ae152655bdc647ccb32c472749" title="PySwigPacked_UnpackData" alt="" coords="1007,56,1193,83">
<area shape="rect" href="$_lgm___c_trans__wrap_8c.html#03b3793a4bd02ab2e9dda57331f4b5f3" title="SWIG_Python_ConvertPacked" alt="" coords="1243,56,1443,83">
<area shape="rect" href="$_lgm___c_trans__wrap_8c.html#6a8b59439fadd65a9d6341190e4df2be" title="PySwigPacked_New" alt="" coords="1029,107,1171,133">
<area shape="rect" href="$_lgm___c_trans__wrap_8c.html#552754ea0a5290f4fa6d3181ff226cc2" title="SWIG_Python_NewPackedObj" alt="" coords="1243,107,1443,133">
<area shape="rect" href="$_lgm___c_trans__wrap_8c.html#1a26b3b5411d93510e226b6014951fe5" title="PySwigObject_str" alt="" coords="404,227,529,253">
<area shape="rect" href="$_lgm___c_trans__wrap_8c.html#ddfee1cf672308dcdd030d489f804b5f" title="SWIG_Python_FixMethods" alt="" coords="377,277,556,304">
<area shape="rect" href="$_lgm___c_trans__wrap_8c.html#d4e80a848188575ad62806768b84c2af" title="_PySwigObject_type" alt="" coords="609,227,751,253">
<area shape="rect" href="$_lgm___c_trans__wrap_8c.html#e9d4495d83ff6003860842b4e0ead69e" title="PySwigObject_type" alt="" coords="812,227,948,253">
<area shape="rect" href="$_lgm___c_trans__wrap_8c.html#7fabac628f98725b7869762b75b1cbf9" title="PySwigObject_Check" alt="" coords="1027,215,1173,241">
<area shape="rect" href="$_lgm___c_trans__wrap_8c.html#18eb63ce971eec6dfe4d1a5e109a95b6" title="PySwigObject_New" alt="" coords="1032,309,1168,336">
<area shape="rect" href="$_lgm___c_trans__wrap_8c.html#7028f22c6d348327b36716d06b9aecc4" title="PySwigObject_append" alt="" coords="1267,157,1419,184">
<area shape="rect" href="$_lgm___c_trans__wrap_8c.html#7e3fa8fcef51b6a85adac9ee99884587" title="SWIG_Python_GetSwigThis" alt="" coords="1251,208,1435,235">
<area shape="rect" href="$_lgm___c_trans__wrap_8c.html#c487bf25fd5238c01ad35edf4dde586f" title="SWIG_Python_TypeError" alt="" coords="1259,259,1427,285">
<area shape="rect" href="$_lgm___c_trans__wrap_8c.html#77d3a8e01e24edf05e663b16f914e947" title="SWIG_Python_InitShadowInstance" alt="" coords="1492,157,1716,184">
<area shape="rect" href="$_lgm___c_trans__wrap_8c.html#fddb1b639fb789e0f8aa35e8e5f2635f" title="SWIG_Python_AcquirePtr" alt="" coords="1519,208,1689,235">
<area shape="rect" href="$_lgm___c_trans__wrap_8c.html#b5bec3f786db25fd4085c1534d785a0d" title="SWIG_Python_ConvertPtrAndOwn" alt="" coords="1493,259,1715,285">
<area shape="rect" href="$_lgm___c_trans__wrap_8c.html#041942a8dcdbf97b08b0f28336265f29" title="SWIG_Python_MustGetPtr" alt="" coords="1515,309,1693,336">
<area shape="rect" href="$_lgm___c_trans__wrap_8c.html#aefe09cae945ca4cdd2bec36f23dd0c9" title="PySwigObject_dealloc" alt="" coords="1267,360,1419,387">
<area shape="rect" href="$_lgm___c_trans__wrap_8c.html#c38032f5ef17442eac70b6c3798bc8b2" title="SWIG_Python_NewPointerObj" alt="" coords="1244,309,1441,336">
<area shape="rect" href="$_lgm___c_trans__wrap_8c.html#2c97d7ac5d594f63f25b263f20acb428" title="SWIG_init" alt="" coords="640,277,720,304">
