<area shape="rect" href="$_lgm___mag_model_info_8h.html#35a01e17f8707981772eea21f9030af3" title="Lgm_B_cdip" alt="" coords="264,19,357,45">
<area shape="rect" href="$_lgm___c_trans_8h.html#bb565097b3362f61a99072fa6894cd83" title="Lgm_Convert_Coords" alt="" coords="237,81,384,108">
<area shape="rect" href="$_b___from_scattered_data_8c.html#d11ba2ce714d9d6e4b6dc532fabe87c9" title="Lgm_DivFreeInterp" alt="" coords="245,157,376,184">
<area shape="rect" href="$_b___from_scattered_data_8c.html#b67853a5a2e18a5e252ffbe4ac3c9ea6" title="Lgm_DivFreeInterp2" alt="" coords="241,208,380,235">
<area shape="rect" href="$_lgm___vec_8h.html#629b5668345073fe8ccf2eff39b4e653" title="Lgm_Magnitude" alt="" coords="255,259,367,285">
<area shape="rect" href="$_lgm___octree_8h.html#885f0695706ada1ee750180afe105958" title="Lgm_Octree_kNN" alt="" coords="249,385,372,412">
<area shape="rect" href="$_lgm___c_trans_8h.html#ceacbb0a4b655abde050d74521fc48f1" title="Lgm_B_cdip_ctrans" alt="" coords="456,5,592,32">
<area shape="rect" href="$_lgm___vec_8h.html#db5066af69d0f56f0880a098655383ff" title="Lgm_MatTimesVec" alt="" coords="457,56,591,83">
<area shape="rect" href="$_b___from_scattered_data_8c.html#9133efa4bdfaeed11bba2e75d25f29cf" title="DFI_BasisFunc" alt="" coords="672,132,784,159">
<area shape="rect" href="$_b___from_scattered_data_8c.html#3b380e0805c4cf987f1c07da8759ff86" title="DFI_Func" alt="" coords="485,157,563,184">
<area shape="rect" href="$_b___from_scattered_data_8c.html#471b3b6d51257ae76e4a22fa1d2e6f67" title="DFI_BasisFuncLin" alt="" coords="664,259,792,285">
<area shape="rect" href="$_b___from_scattered_data_8c.html#63e1b24396d764119a3d822773af07cb" title="DFI_DivBasisFuncLin" alt="" coords="451,259,597,285">
<area shape="rect" href="$_b___from_scattered_data_8c.html#373301cb1510ec76bf04e60f44cc26fa" title="DFI_FuncLin" alt="" coords="476,309,572,336">
<area shape="rect" href="$_lgm___octree_8h.html#9ff86b033bf330695e810d00ac8022e1" title="DescendTowardClosestLeaf" alt="" coords="433,411,615,437">
<area shape="rect" href="$_lgm___octree_8h.html#cb735b055954d17d224db5a55dbd14e6" title="InsertCell" alt="" coords="691,360,765,387">
<area shape="rect" href="$_lgm___octree_8h.html#653f08b2912abb5a5fb6c1761b8a8cec" title="PopObj" alt="" coords="492,461,556,488">
<area shape="rect" href="$_lgm___octree_8h.html#0128a077b1023c02e79cfaf65a4e6cfc" title="InsertPoint" alt="" coords="687,411,769,437">
<area shape="rect" href="$_lgm___octree_8h.html#07152ce3d1254cca2f4f2d4735de34b7" title="MinDist" alt="" coords="841,360,905,387">
