<area shape="rect" href="$_lgm___c_trans__wrap_8c.html#18eb63ce971eec6dfe4d1a5e109a95b6" title="PySwigObject_New" alt="" coords="299,309,435,336">
<area shape="rect" href="$_lgm___c_trans__wrap_8c.html#695030dbc62bde212c7b7a9169c6eee9" title="SWIG_Py_Void" alt="" coords="311,360,423,387">
<area shape="rect" href="$_lgm___c_trans__wrap_8c.html#6f990d5cef868928e2a8c41fc5797a7d" title="SWIG_Python_NewShadowInstance" alt="" coords="251,411,483,437">
<area shape="rect" href="$_lgm___c_trans__wrap_8c.html#e9d4495d83ff6003860842b4e0ead69e" title="PySwigObject_type" alt="" coords="531,233,667,260">
<area shape="rect" href="$_lgm___c_trans__wrap_8c.html#d4e80a848188575ad62806768b84c2af" title="_PySwigObject_type" alt="" coords="716,233,857,260">
<area shape="rect" href="$_lgm___c_trans__wrap_8c.html#c9f4d92892b03080d537c5d2f5b67406" title="PySwigObject_compare" alt="" coords="907,56,1067,83">
<area shape="rect" href="$_lgm___c_trans__wrap_8c.html#aefe09cae945ca4cdd2bec36f23dd0c9" title="PySwigObject_dealloc" alt="" coords="911,411,1063,437">
<area shape="rect" href="$_lgm___c_trans__wrap_8c.html#9ef0aabe0597bad5f5ecfc2e45bdd965" title="PySwigObject_getattr" alt="" coords="913,107,1060,133">
<area shape="rect" href="$_lgm___c_trans__wrap_8c.html#8d7ea1d473d3a3f36d240ea30f9db809" title="PySwigObject_hex" alt="" coords="1313,259,1444,285">
<area shape="rect" href="$_lgm___c_trans__wrap_8c.html#be6625f2a16f357e494899259d922675" title="PySwigObject_long" alt="" coords="1705,183,1839,209">
<area shape="rect" href="$_lgm___c_trans__wrap_8c.html#0cffee93d733cf5ed9e63ee2044b6895" title="PySwigObject_oct" alt="" coords="1119,208,1247,235">
<area shape="rect" href="$_lgm___c_trans__wrap_8c.html#e2b9dae8c96855ad0fe6079ce97ad8f8" title="PySwigObject_print" alt="" coords="919,360,1055,387">
<area shape="rect" href="$_lgm___c_trans__wrap_8c.html#583098e08a46d7e859389718996329f7" title="PySwigObject_repr" alt="" coords="1117,335,1248,361">
<area shape="rect" href="$_lgm___c_trans__wrap_8c.html#1a26b3b5411d93510e226b6014951fe5" title="PySwigObject_str" alt="" coords="924,5,1049,32">
<area shape="rect" href="$_lgm___c_trans__wrap_8c.html#3f38ea686cb3f85bf6a15b08416f2684" title="SWIG_TypePrettyName" alt="" coords="1299,367,1459,393">
<area shape="rect" href="$_lgm___c_trans__wrap_8c.html#d362b93a12769885982e7e26160c71c4" title="PySwigObject_format" alt="" coords="1508,208,1655,235">
<area shape="rect" href="$_lgm___c_trans__wrap_8c.html#10c5572eb6206df7c95c8a2fcde90911" title="SWIG_PackVoidPtr" alt="" coords="1115,5,1251,32">
<area shape="rect" href="$_lgm___c_trans__wrap_8c.html#02c2ac3db8ce87dd62813334e66c9a3a" title="SWIG_PackData" alt="" coords="1319,5,1439,32">
<area shape="rect" href="$_lgm___c_trans__wrap_8c.html#6af4e531324a053514434bbdeb0c3b8b" title="SWIG_This" alt="" coords="555,411,643,437">
<area shape="rect" href="$_lgm___c_trans__wrap_8c.html#b6b9406572a75bad483f518bcfcdfd9a" title="_SWIG_This" alt="" coords="739,411,835,437">
