<area shape="rect" href="$_lgm___c_trans_8h.html#6a634fc761a3edba434928a278d3058a" title="Lgm_IGRF" alt="" coords="193,107,276,133">
<area shape="rect" href="$_lgm___c_trans__wrap_8c.html#695030dbc62bde212c7b7a9169c6eee9" title="SWIG_Py_Void" alt="" coords="179,157,291,184">
<area shape="rect" href="$_lgm___c_trans_8h.html#844a4dedb8aaf168e08a7f79e1d465c4" title="_Lgm_IGRF4" alt="" coords="344,81,443,108">
<area shape="rect" href="$_lgm___c_trans_8h.html#9a4228c946c00806063a562ea8b5a910" title="Lgm_PolFunInt" alt="" coords="339,132,448,159">
<area shape="rect" href="$_lgm___c_trans_8h.html#6cda667f1a74bdd3549eeb54f805755e" title="Lgm_InitIGRF" alt="" coords="501,5,603,32">
<area shape="rect" href="$_lgm___c_trans_8h.html#09e15d914fd48a3df511a033e6eed606" title="Lgm_InitK" alt="" coords="512,56,592,83">
<area shape="rect" href="$_lgm___c_trans_8h.html#1754fc8886cfcd3bf3e97dfc38767190" title="Lgm_InitS" alt="" coords="512,107,592,133">
<area shape="rect" href="$_lgm___c_trans_8h.html#1ab827e0002cede47df3f63d554ecd85" title="Lgm_InitTrigmp" alt="" coords="496,157,608,184">
