<area shape="rect" href="$_lgm___c_trans__wrap_8c.html#ad234ecbc3820c212fdcb809fc9b5821" title="PySwigPacked_compare" alt="" coords="204,5,369,32">
<area shape="rect" href="$_lgm___c_trans__wrap_8c.html#c9b284b0fe255de9931ac7f5c9509875" title="PySwigPacked_dealloc" alt="" coords="208,56,365,83">
<area shape="rect" href="$_lgm___c_trans__wrap_8c.html#604788af1d7fddfbbd29293b23bcf5e6" title="PySwigPacked_print" alt="" coords="216,157,357,184">
<area shape="rect" href="$_lgm___c_trans__wrap_8c.html#fe4230f7d7cd8572675591d9bd567e39" title="PySwigPacked_repr" alt="" coords="217,208,356,235">
<area shape="rect" href="$_lgm___c_trans__wrap_8c.html#4aafdf94b1093eb068db5a38cae9bd9b" title="PySwigPacked_str" alt="" coords="221,259,352,285">
<area shape="rect" href="$_lgm___c_trans__wrap_8c.html#2d66332c0a8eaead061332f64fc42a5c" title="PySwigPacked_Check" alt="" coords="420,81,572,108">
<area shape="rect" href="$_lgm___c_trans__wrap_8c.html#f903e6809a1fb2ba06deff49795c6e65" title="SWIG_PackDataName" alt="" coords="419,208,573,235">
<area shape="rect" href="$_lgm___c_trans__wrap_8c.html#02c2ac3db8ce87dd62813334e66c9a3a" title="SWIG_PackData" alt="" coords="621,208,741,235">
