<area shape="rect" href="$_lgm___c_trans_8h.html#fcde56b5112b21766bf3569c62d6ab0b" title="Lgm_init_ctrans" alt="" coords="212,5,324,32">
<area shape="rect" href="$_lgm___c_trans__wrap_8c.html#c5d34218467df201deab1b9f5cad6691" title="SWIG_AsVal_int" alt="" coords="208,56,328,83">
<area shape="rect" href="$_lgm___c_trans_8h.html#ffe919b2830c07067e255ca1a454a05a" title="Lgm_LoadLeapSeconds" alt="" coords="376,5,536,32">
<area shape="rect" href="$_lgm___c_trans_8h.html#4a4b0532bf6fb44bc8d4d9fbbab0d5cf" title="Compute the Julian Day number for the given date." alt="" coords="609,5,729,32">
<area shape="rect" href="$_lgm___c_trans__wrap_8c.html#ca3c78b106b24b292a156d1f2e9d6bf7" title="SWIG_AsVal_long" alt="" coords="392,56,520,83">
<area shape="rect" href="$_lgm___c_trans__wrap_8c.html#14604bc0932d6a4a99475970ac783697" title="SWIG_AsVal_double" alt="" coords="597,56,741,83">
<area shape="rect" href="$_lgm___c_trans__wrap_8c.html#4101ce628ad9db6a901cca96a6d36ae6" title="SWIG_CanCastAsInteger" alt="" coords="585,107,753,133">
