<area shape="rect" href="$_lgm___c_trans__wrap_8c.html#5f84de827388a9cce26589737f3e8936" title="_wrap_Lgm_UTC_to_TAI" alt="" coords="184,56,347,83">
<area shape="rect" href="$_lgm___date_and_time_8c.html#de5bfe94202a0503dbbe1cb6a066ecf9" title="Lgm_TAI_to_UTC" alt="" coords="204,107,327,133">
<area shape="rect" href="$_lgm___date_and_time_8c.html#ab03f400cbc08ffa12348eb15bf37eb5" title="Lgm_UTC_to_GPS" alt="" coords="200,157,331,184">
<area shape="rect" href="$_lgm___date_and_time_8c.html#9c99186b444f75dd856bd789298b9cb8" title="Lgm_UTC_to_TaiSeconds" alt="" coords="180,208,351,235">
<area shape="rect" href="$_lgm___date_and_time_8c.html#5ee50179c8f841ba7e3377fc23793c37" title="Lgm_UTC_to_TT" alt="" coords="205,259,325,285">
<area shape="rect" href="$_lgm___c_trans__wrap_8c.html#e944eeaec4111069d654263e7608e590" title="_wrap_Lgm_TAI_to_UTC" alt="" coords="408,5,571,32">
<area shape="rect" href="$_lgm___date_and_time_8c.html#1ff96bc78656dfc6ab411f6b4d8993f1" title="Lgm_GPS_to_UTC" alt="" coords="424,56,555,83">
<area shape="rect" href="$_lgm___date_and_time_8c.html#906b9059ecb4e21fa8bf26b91df3dbad" title="Lgm_TaiSeconds_to_UTC" alt="" coords="404,107,575,133">
<area shape="rect" href="$_lgm___date_and_time_8c.html#a574b2bf1ef2d8826ecda810565ffc78" title="Lgm_TT_to_UTC" alt="" coords="429,157,549,184">
<area shape="rect" href="$_lgm___date_and_time_8c.html#e359f512f21bf55270e5454b9089cf2f" title="Lgm_GpsSeconds_to_UTC" alt="" coords="627,56,805,83">
<area shape="rect" href="$_lgm___c_trans__wrap_8c.html#2cb06ccffbdf8793a465fb46bec96167" title="_wrap_Lgm_TT_to_UTC" alt="" coords="636,132,796,159">
<area shape="rect" href="$_lgm___date_and_time_8c.html#04a7c2b17ac1343bdb83bdc8d2204719" title="Lgm_TDB_to_UTC" alt="" coords="652,183,780,209">
<area shape="rect" href="$_lgm___date_and_time_8c.html#a242e28151e439aefeb83cd85c735903" title="Lgm_UTC_to_GpsSeconds" alt="" coords="400,208,579,235">
<area shape="rect" href="$_lgm___c_trans__wrap_8c.html#e04c503be29d1cac21554295e13a4799" title="_wrap_Lgm_UTC_to_TT" alt="" coords="409,259,569,285">
<area shape="rect" href="$_lgm___date_and_time_8c.html#f30246cdf6676c764baedf2ee8717e9b" title="Lgm_UTC_to_TDB" alt="" coords="425,309,553,336">
