<area shape="rect" href="$_alpha_of_k_8c.html" title="/home/mgh/LanlGeoMag/libLanlGeoMag/AlphaOfK.c" alt="" coords="5,155,331,181">
<area shape="rect" href="$_lgm___lstar_info_8h.html" title="/home/mgh/LanlGeoMag/libLanlGeoMag/Lgm/Lgm_LstarInfo.h" alt="" coords="517,80,896,107">
<area shape="rect" href="$_compute_lstar_8c.html" title="/home/mgh/LanlGeoMag/libLanlGeoMag/ComputeLstar.c" alt="" coords="355,155,701,181">
<area shape="rect" href="$_drift_shell_8c.html" title="/home/mgh/LanlGeoMag/libLanlGeoMag/DriftShell.c" alt="" coords="725,155,1045,181">
<area shape="rect" href="$_lgm___mag_ephem_info_8h.html" title="/home/mgh/LanlGeoMag/libLanlGeoMag/Lgm/Lgm_MagEphemInfo.h" alt="" coords="1069,155,1485,181">
<area shape="rect" href="$_b___from_scattered_data_8c.html" title="/home/mgh/LanlGeoMag/libLanlGeoMag/B_FromScatteredData.c" alt="" coords="1021,80,1419,107">
<area shape="rect" href="$_integral_invariant_8c.html" title="/home/mgh/LanlGeoMag/libLanlGeoMag/IntegralInvariant.c" alt="" coords="1443,80,1803,107">
<area shape="rect" href="$_lgm___a_e8___a_p8_8c.html" title="/home/mgh/LanlGeoMag/libLanlGeoMag/Lgm_AE8_AP8.c" alt="" coords="1827,80,2184,107">
<area shape="rect" href="$_lgm___b__internal_8c.html" title="/home/mgh/LanlGeoMag/libLanlGeoMag/Lgm_B_internal.c" alt="" coords="2208,80,2565,107">
<area shape="rect" href="$_lgm___init_mag_info_8c.html" title="/home/mgh/LanlGeoMag/libLanlGeoMag/Lgm_InitMagInfo.c" alt="" coords="2589,80,2955,107">
<area shape="rect" href="$_lgm___simplified_mead_8c.html" title="/home/mgh/LanlGeoMag/libLanlGeoMag/Lgm_SimplifiedMead.c" alt="" coords="2979,80,3368,107">
<area shape="rect" href="$_lgm___trace_8c.html" title="/home/mgh/LanlGeoMag/libLanlGeoMag/Lgm_Trace.c" alt="" coords="3392,80,3725,107">
<area shape="rect" href="$_lgm___trace_to_earth_8c.html" title="/home/mgh/LanlGeoMag/libLanlGeoMag/Lgm_TraceToEarth.c" alt="" coords="3749,80,4128,107">
<area shape="rect" href="$_lgm___trace_to_spherical_earth_8c.html" title="/home/mgh/LanlGeoMag/libLanlGeoMag/Lgm_TraceToSphericalEarth.c" alt="" coords="4152,80,4584,107">
<area shape="rect" href="$_mag_step_8c.html" title="/home/mgh/LanlGeoMag/libLanlGeoMag/MagStep.c" alt="" coords="4608,80,4928,107">
<area shape="rect" href="$_sb_integral_8c.html" title="/home/mgh/LanlGeoMag/libLanlGeoMag/SbIntegral.c" alt="" coords="4952,80,5280,107">
<area shape="rect" href="$_t87_8c.html" title="/home/mgh/LanlGeoMag/libLanlGeoMag/T87.c" alt="" coords="5304,80,5595,107">
<area shape="rect" href="$_t89_8c.html" title="/home/mgh/LanlGeoMag/libLanlGeoMag/T89.c" alt="" coords="5619,80,5909,107">
<area shape="rect" href="$_t96___m_o_d___m_g_h_8c.html" title="/home/mgh/LanlGeoMag/libLanlGeoMag/T96_MOD_MGH.c" alt="" coords="5933,80,6296,107">
<area shape="rect" href="$_trace_line_8c.html" title="/home/mgh/LanlGeoMag/libLanlGeoMag/TraceLine.c" alt="" coords="6320,80,6645,107">
<area shape="rect" href="$_trace_to_earth_8c.html" title="/home/mgh/LanlGeoMag/libLanlGeoMag/TraceToEarth.c" alt="" coords="6669,80,7016,107">
<area shape="rect" href="$_trace_to_min_b_surf_8c.html" title="/home/mgh/LanlGeoMag/libLanlGeoMag/TraceToMinBSurf.c" alt="" coords="7040,80,7408,107">
<area shape="rect" href="$_trace_to_min_rdot_b_8c.html" title="/home/mgh/LanlGeoMag/libLanlGeoMag/TraceToMinRdotB.c" alt="" coords="7432,80,7803,107">
<area shape="rect" href="$_trace_to_mirror_point2_8c.html" title="/home/mgh/LanlGeoMag/libLanlGeoMag/TraceToMirrorPoint2.c" alt="" coords="7827,80,8211,107">
<area shape="rect" href="$_trace_to_s_m_equat_8c.html" title="/home/mgh/LanlGeoMag/libLanlGeoMag/TraceToSMEquat.c" alt="" coords="8235,80,8603,107">
<area shape="rect" href="$_t_s04_8c.html" title="/home/mgh/LanlGeoMag/libLanlGeoMag/TS04.c" alt="" coords="8627,80,8925,107">
<area shape="rect" href="$_lgm___init_mag_ephem_info_8c.html" title="/home/mgh/LanlGeoMag/libLanlGeoMag/Lgm_InitMagEphemInfo.c" alt="" coords="1075,229,1480,256">
