<area shape="rect" href="$_lgm___c_trans__wrap_8c.html#9532dff6bcf1994e843fd0803d79b037" title="_PySwigPacked_type" alt="" coords="188,56,335,83">
<area shape="rect" href="$_lgm___c_trans__wrap_8c.html#2d66332c0a8eaead061332f64fc42a5c" title="PySwigPacked_Check" alt="" coords="385,56,537,83">
<area shape="rect" href="$_lgm___c_trans__wrap_8c.html#041fc4772cdfaf56c8f57c5032faf1a6" title="PySwigPacked_type" alt="" coords="391,107,532,133">
<area shape="rect" href="$_lgm___c_trans__wrap_8c.html#c9b284b0fe255de9931ac7f5c9509875" title="PySwigPacked_dealloc" alt="" coords="603,5,760,32">
<area shape="rect" href="$_lgm___c_trans__wrap_8c.html#039374ae152655bdc647ccb32c472749" title="PySwigPacked_UnpackData" alt="" coords="588,56,775,83">
<area shape="rect" href="$_lgm___c_trans__wrap_8c.html#03b3793a4bd02ab2e9dda57331f4b5f3" title="SWIG_Python_ConvertPacked" alt="" coords="824,56,1024,83">
<area shape="rect" href="$_lgm___c_trans__wrap_8c.html#6a8b59439fadd65a9d6341190e4df2be" title="PySwigPacked_New" alt="" coords="611,107,752,133">
<area shape="rect" href="$_lgm___c_trans__wrap_8c.html#552754ea0a5290f4fa6d3181ff226cc2" title="SWIG_Python_NewPackedObj" alt="" coords="824,107,1024,133">
