<area shape="rect" href="$_lgm___c_trans__wrap_8c.html#c9f4d92892b03080d537c5d2f5b67406" title="PySwigObject_compare" alt="" coords="197,5,357,32">
<area shape="rect" href="$_lgm___c_trans__wrap_8c.html#aefe09cae945ca4cdd2bec36f23dd0c9" title="PySwigObject_dealloc" alt="" coords="201,107,353,133">
<area shape="rect" href="$_lgm___c_trans__wrap_8c.html#9ef0aabe0597bad5f5ecfc2e45bdd965" title="PySwigObject_getattr" alt="" coords="204,411,351,437">
<area shape="rect" href="$_lgm___c_trans__wrap_8c.html#8d7ea1d473d3a3f36d240ea30f9db809" title="PySwigObject_hex" alt="" coords="604,309,735,336">
<area shape="rect" href="$_lgm___c_trans__wrap_8c.html#be6625f2a16f357e494899259d922675" title="PySwigObject_long" alt="" coords="996,284,1129,311">
<area shape="rect" href="$_lgm___c_trans__wrap_8c.html#0cffee93d733cf5ed9e63ee2044b6895" title="PySwigObject_oct" alt="" coords="409,360,537,387">
<area shape="rect" href="$_lgm___c_trans__wrap_8c.html#e2b9dae8c96855ad0fe6079ce97ad8f8" title="PySwigObject_print" alt="" coords="209,208,345,235">
<area shape="rect" href="$_lgm___c_trans__wrap_8c.html#583098e08a46d7e859389718996329f7" title="PySwigObject_repr" alt="" coords="408,208,539,235">
<area shape="rect" href="$_lgm___c_trans__wrap_8c.html#1a26b3b5411d93510e226b6014951fe5" title="PySwigObject_str" alt="" coords="215,461,340,488">
<area shape="rect" href="$_lgm___c_trans__wrap_8c.html#18eb63ce971eec6dfe4d1a5e109a95b6" title="PySwigObject_New" alt="" coords="405,107,541,133">
<area shape="rect" href="$_lgm___c_trans__wrap_8c.html#3f38ea686cb3f85bf6a15b08416f2684" title="SWIG_TypePrettyName" alt="" coords="589,183,749,209">
<area shape="rect" href="$_lgm___c_trans__wrap_8c.html#e9d4495d83ff6003860842b4e0ead69e" title="PySwigObject_type" alt="" coords="601,81,737,108">
<area shape="rect" href="$_lgm___c_trans__wrap_8c.html#d362b93a12769885982e7e26160c71c4" title="PySwigObject_format" alt="" coords="799,309,945,336">
<area shape="rect" href="$_lgm___c_trans__wrap_8c.html#10c5572eb6206df7c95c8a2fcde90911" title="SWIG_PackVoidPtr" alt="" coords="405,461,541,488">
<area shape="rect" href="$_lgm___c_trans__wrap_8c.html#02c2ac3db8ce87dd62813334e66c9a3a" title="SWIG_PackData" alt="" coords="609,461,729,488">
