<area shape="rect" href="$_lgm___c_trans_8c.html#3975f7cfbe7332bf9b471532d496f442" title="Lgm_Convert_Coords" alt="" coords="187,411,333,437">
<area shape="rect" href="$_lgm___c_trans__wrap_8c.html#b1ded516416355a089fe90ea04f96562" title="_wrap_Lgm_Convert_Coords" alt="" coords="415,5,601,32">
<area shape="rect" href="$_lgm___lstar_info_8h.html#15d887d6b99cb83ce58b5a04a171ec67" title="FindBmRadius" alt="" coords="456,56,560,83">
<area shape="rect" href="$_lgm___lstar_info_8h.html#e79603e88bcb7860ca33e8fe4fbdf37f" title="FindShellLine" alt="" coords="780,107,879,133">
<area shape="rect" href="$_lgm___lstar_info_8h.html#957a4d60eb4025656b3c2557b402523e" title="Lstar" alt="" coords="1360,183,1411,209">
<area shape="rect" href="$_lgm___lstar_info_8h.html#fb4cfc3e9728d5ec4867d39f1384dc38" title="LambdaIntegrand" alt="" coords="448,208,568,235">
<area shape="rect" href="$_lgm___mag_model_info_8h.html#5138e7f3fa8a67aa8ab528ba9cd606d2" title="Lgm_B_FromScatteredData" alt="" coords="417,259,599,285">
<area shape="rect" href="$_lgm___c_trans_8c.html#4e7b063e0734746ff6af5ef5118ed8b8" title="Lgm_B_igrf_ctrans" alt="" coords="443,309,573,336">
<area shape="rect" href="$_lgm___c_trans_8c.html#022c69d1faa38210aba90d732e3b4327" title="Lgm_CDMAG_to_R_MLAT_MLON_MLT" alt="" coords="383,360,633,387">
<area shape="rect" href="$_lgm___c_trans_8c.html#ffd68c7f63f3835e4b941894d7970036" title="Lgm_EDMAG_to_R_MLAT_MLON_MLT" alt="" coords="383,411,633,437">
<area shape="rect" href="$_lgm___c_trans_8c.html#ac416039271e229bfe94fd9f7b610dc5" title="Lgm_GLATLON_TO_CDMLATLONMLT" alt="" coords="384,461,632,488">
<area shape="rect" href="$_lgm___c_trans_8c.html#cd9faa6a7bfbe63a8b4ece64e9940d3d" title="Lgm_GLATLON_TO_EDMLATLONMLT" alt="" coords="384,512,632,539">
<area shape="rect" href="$_lgm___c_trans_8c.html#b266f1ac29eac32ae2bc43c92514a8c1" title="Lgm_R_MLAT_MLT_to_CDMAG" alt="" coords="404,563,612,589">
<area shape="rect" href="$_lgm___c_trans_8c.html#990e8076d81fa9fb61683eadba58f948" title="Lgm_R_MLAT_MLT_to_EDMAG" alt="" coords="404,613,612,640">
<area shape="rect" href="$_lgm___c_trans_8c.html#60cb99abfbae34ae5e7a41c797dcac0e" title="Lgm_Set_Coord_Transforms" alt="" coords="415,664,601,691">
<area shape="rect" href="$_lgm___trace_8c.html#8a39a610942825fe168938aaddec20d7" title="Lgm_Trace" alt="" coords="465,715,551,741">
<area shape="rect" href="$_trace_to_min_rdot_b_8c.html#9c5db0561592bc1e8943696fbbd6dba2" title="Lgm_TraceToMinRdotB" alt="" coords="429,765,587,792">
<area shape="rect" href="$_trace_to_s_m_equat_8c.html#97ad150bdcbe7b353eb40df4083ba0c9" title="Lgm_TraceToSMEquat" alt="" coords="431,816,585,843">
<area shape="rect" href="$_lgm___lstar_info_8h.html#593bd0ac5cd8b137cbc401b58219df31" title="LambdaIntegral" alt="" coords="775,208,884,235">
<area shape="rect" href="$_lgm___lstar_info_8h.html#0f767b7206b1928b2f36fa7c5a26ca33" title="MagFluxIntegrand2" alt="" coords="1039,208,1169,235">
<area shape="rect" href="$_lgm___lstar_info_8h.html#7da6f58b128b4aef809400ada95767d4" title="MagFlux2" alt="" coords="1233,208,1311,235">
<area shape="rect" href="$_lgm___c_trans__wrap_8c.html#8f8d1f30c9c4a0306a26d57e88dbd84c" title="_wrap_Lgm_B_igrf_ctrans" alt="" coords="744,259,915,285">
<area shape="rect" href="$_lgm___b__internal_8c.html#e8971d82f772d6aff4e651ad84403202" title="Lgm_B_igrf" alt="" coords="785,309,873,336">
<area shape="rect" href="$_t87_8c.html#dfe0b15e7b693dedec20a33edf1e4790" title="Lgm_B_T87" alt="" coords="1059,259,1149,285">
<area shape="rect" href="$_t89_8c.html#d31ae081cf3eed687888470191d52b4b" title="Lgm_B_T89" alt="" coords="1059,309,1149,336">
<area shape="rect" href="$_t96___m_o_d___m_g_h_8c.html#563f3c7de7558205f571a37496976eb3" title="Lgm_B_T96MOD_MGH" alt="" coords="1025,360,1183,387">
<area shape="rect" href="$_t_s04_8c.html#59f3922662b5fde2ade3e5e4a30e33ef" title="Lgm_B_TS04" alt="" coords="1055,411,1153,437">
<area shape="rect" href="$_lgm___c_trans__wrap_8c.html#e6c58e0cd77aa7effcc1f631180d27f6" title="_wrap_Lgm_CDMAG_to_R_MLAT_MLON_MLT" alt="" coords="683,360,976,387">
<area shape="rect" href="$_lgm___c_trans__wrap_8c.html#3a778a769d7a01c30121368d9149e3ff" title="_wrap_Lgm_EDMAG_to_R_MLAT_MLON_MLT" alt="" coords="683,411,976,437">
<area shape="rect" href="$_lgm___c_trans__wrap_8c.html#0b1561ad47fd2017edb1f14578de0c48" title="_wrap_Lgm_GLATLON_TO_CDMLATLONMLT" alt="" coords="685,461,973,488">
<area shape="rect" href="$_lgm___c_trans__wrap_8c.html#38ab511c587eaf33c71736744794400d" title="_wrap_Lgm_GLATLON_TO_EDMLATLONMLT" alt="" coords="685,512,973,539">
<area shape="rect" href="$_lgm___c_trans__wrap_8c.html#57bbf7389fa7f2cbf488e5c07db1931e" title="_wrap_Lgm_R_MLAT_MLT_to_CDMAG" alt="" coords="704,563,955,589">
<area shape="rect" href="$_lgm___c_trans__wrap_8c.html#766be6c68baf253d4b69b68535c6c864" title="_wrap_Lgm_R_MLAT_MLT_to_EDMAG" alt="" coords="704,613,955,640">
<area shape="rect" href="$_lgm___c_trans__wrap_8c.html#224c5cd9f7a9ac35692390380095818d" title="_wrap_Lgm_Set_Coord_Transforms" alt="" coords="716,664,943,691">
<area shape="rect" href="$_lgm___lstar_info_8h.html#68ec464c1b33f0b437d856629f0dd901" title="NewTimeLstarInfo" alt="" coords="767,715,892,741">
<area shape="rect" href="$_lgm___a_e8___a_p8_8c.html#808d4c429cd0ffef1b3650491f20cc72" title="Lgm_AE8_AP8_FluxFromPos" alt="" coords="732,816,927,843">
