<area shape="rect" href="$_lgm___c_trans__wrap_8c.html#d99dce328854ac9362bd5393eec3f5e2" title="_wrap_copy_intp" alt="" coords="259,5,376,32">
<area shape="rect" href="$_lgm___c_trans__wrap_8c.html#92ccb2342f43123c701a70818dab97f6" title="_wrap_intp_assign" alt="" coords="253,56,381,83">
<area shape="rect" href="$_lgm___c_trans__wrap_8c.html#b1ded516416355a089fe90ea04f96562" title="_wrap_Lgm_Convert_Coords" alt="" coords="224,107,411,133">
<area shape="rect" href="$_lgm___c_trans__wrap_8c.html#2d1e1324330f2473a3f6762241276f8e" title="_wrap_Lgm_CTrans_day_set" alt="" coords="223,157,412,184">
<area shape="rect" href="$_lgm___c_trans__wrap_8c.html#49f01b2785244654a029a8b0dda580a2" title="_wrap_Lgm_CTrans_dow_set" alt="" coords="221,208,413,235">
<area shape="rect" href="$_lgm___c_trans__wrap_8c.html#607d0925f59144e63905748d67b24172" title="_wrap_Lgm_CTrans_doy_set" alt="" coords="223,259,412,285">
<area shape="rect" href="$_lgm___c_trans__wrap_8c.html#788af6d419605dbf2c0b31c27f533149" title="_wrap_Lgm_CTrans_Lgm_IGRF_FirstCall_set" alt="" coords="175,309,460,336">
<area shape="rect" href="$_lgm___c_trans__wrap_8c.html#cee2c53011fd9cf3e92c9af98a7583df" title="_wrap_Lgm_CTrans_month_set" alt="" coords="216,360,419,387">
<area shape="rect" href="$_lgm___c_trans__wrap_8c.html#51fb2f4fde0e5bc009f946795a4d4f40" title="_wrap_Lgm_CTrans_nNutationTerms_set" alt="" coords="188,411,447,437">
<area shape="rect" href="$_lgm___c_trans__wrap_8c.html#0c96e6ca6001312a80cacdcddfa5dea5" title="_wrap_Lgm_CTrans_Verbose_set" alt="" coords="209,461,425,488">
<area shape="rect" href="$_lgm___c_trans__wrap_8c.html#c8c6d0cc841accb39b6280239307d3d4" title="_wrap_Lgm_CTrans_year_set" alt="" coords="221,512,413,539">
<area shape="rect" href="$_lgm___c_trans__wrap_8c.html#c8e752a565c41452b3695d317d275ec7" title="_wrap_Lgm_DayofWeek" alt="" coords="237,563,397,589">
<area shape="rect" href="$_lgm___c_trans__wrap_8c.html#5d7626d327838ae9b59c75fe1c987c94" title="_wrap_Lgm_DayofYear" alt="" coords="240,613,395,640">
<area shape="rect" href="$_lgm___c_trans__wrap_8c.html#5c3c1757f555b9a0206497d582733d43" title="_wrap_Lgm_Factorial" alt="" coords="245,664,389,691">
<area shape="rect" href="$_lgm___c_trans__wrap_8c.html#b2213f6400a2450df86d96a55e8af1a5" title="_wrap_Lgm_init_ctrans" alt="" coords="240,715,395,741">
<area shape="rect" href="$_lgm___c_trans__wrap_8c.html#6aed6d25875bb94338f9f06ee9f86880" title="_wrap_Lgm_InitdPnm" alt="" coords="244,765,391,792">
<area shape="rect" href="$_lgm___c_trans__wrap_8c.html#d0bee6de3d7304218a2c02552d9e0897" title="_wrap_Lgm_InitIGRF" alt="" coords="245,816,389,843">
<area shape="rect" href="$_lgm___c_trans__wrap_8c.html#6e4e1ef3d4a82a8896487ac2a453cd7d" title="_wrap_Lgm_InitPnm" alt="" coords="248,867,387,893">
<area shape="rect" href="$_lgm___c_trans__wrap_8c.html#74582da17e2752e77257017734b18f81" title="_wrap_Lgm_InitSqrtFuncs" alt="" coords="232,917,403,944">
<area shape="rect" href="$_lgm___c_trans__wrap_8c.html#04498cd7fa46baf61c4c1c8f61cde018" title="_wrap_Lgm_InitTrigmp" alt="" coords="241,968,393,995">
<area shape="rect" href="$_lgm___c_trans__wrap_8c.html#80a5adc7821ff6d27bcbf1e9f8b79afe" title="_wrap_Lgm_jd" alt="" coords="265,1019,369,1045">
<area shape="rect" href="$_lgm___c_trans__wrap_8c.html#095149776f3c0241292525421aed9aca" title="_wrap_Lgm_LeapYear" alt="" coords="244,1069,391,1096">
<area shape="rect" href="$_lgm___c_trans__wrap_8c.html#0b0eeab2e507c81ccb928d9c4e80f59b" title="_wrap_Lgm_mjd" alt="" coords="260,1120,375,1147">
<area shape="rect" href="$_lgm___c_trans__wrap_8c.html#10bda8d20678006b115a052a0a914495" title="_wrap_Lgm_PolFunInt" alt="" coords="243,1171,392,1197">
<area shape="rect" href="$_lgm___c_trans__wrap_8c.html#cf08fd2adc3dab8aa6a98118c358a273" title="_wrap_Lgm_RatFunInt" alt="" coords="243,1221,392,1248">
