<area shape="rect" href="$_lgm___date_and_time_8c.html#f1fcad21e7b32777e138bb09ca9f8120" title="Lgm_DateTime_Create" alt="" coords="188,5,343,32">
<area shape="rect" href="$_lgm___eop_8c.html#38e93db62215ec7d0bc56bac97d81a5e" title="Lgm_get_eop_at_JD" alt="" coords="196,56,335,83">
<area shape="rect" href="$_lgm___date_and_time_8c.html#ae7db2b4a40466c781a6a29f91a51133" title="Lgm_GPS_to_TAI" alt="" coords="435,107,560,133">
<area shape="rect" href="$_lgm___date_and_time_8c.html#ffe919b2830c07067e255ca1a454a05a" title="Lgm_LoadLeapSeconds" alt="" coords="185,664,345,691">
<area shape="rect" href="$_lgm___date_and_time_8c.html#108f442f417d37e973701a8fae629ba9" title="Lgm_Make_UTC" alt="" coords="207,715,324,741">
<area shape="rect" href="$_lgm___c_trans_8c.html#49849aa31ba274bbc716a453f4629724" title="Lgm_MJD_to_Date" alt="" coords="200,765,331,792">
<area shape="rect" href="$_lgm___c_trans_8c.html#60cb99abfbae34ae5e7a41c797dcac0e" title="Lgm_Set_Coord_Transforms" alt="" coords="404,613,591,640">
<area shape="rect" href="$_lgm___date_and_time_8c.html#38a6c5c43a1767d6f26c90f7970882e0" title="Lgm_TAI_to_GPS" alt="" coords="203,411,328,437">
<area shape="rect" href="$_lgm___date_and_time_8c.html#df975a9192e9f08e25898ad3bdf906ff" title="Lgm_TAI_to_TT" alt="" coords="208,816,323,843">
<area shape="rect" href="$_lgm___date_and_time_8c.html#de5bfe94202a0503dbbe1cb6a066ecf9" title="Lgm_TAI_to_UTC" alt="" coords="436,157,559,184">
<area shape="rect" href="$_lgm___date_and_time_8c.html#a574b2bf1ef2d8826ecda810565ffc78" title="Lgm_TT_to_UTC" alt="" coords="695,259,815,285">
<area shape="rect" href="$_lgm___date_and_time_8c.html#0d5b5fb558ccb33fe27b2a5452c8e143" title="Lgm_TDB_to_TT" alt="" coords="437,512,557,539">
<area shape="rect" href="$_lgm___date_and_time_8c.html#1c9dffe866b03fe6c519bba85445b8ef" title="Lgm_TT_to_TAI" alt="" coords="440,259,555,285">
<area shape="rect" href="$_lgm___date_and_time_8c.html#22d70f08569629bfb06991502e8a2943" title="Lgm_TT_to_TDB" alt="" coords="205,563,325,589">
<area shape="rect" href="$_lgm___date_and_time_8c.html#10a71e0d594a09fd5a859d481a7c9dc6" title="Lgm_TT_to_TDB_IAU2006" alt="" coords="177,867,353,893">
<area shape="rect" href="$_lgm___date_and_time_8c.html#fc2358593ed2c075d04b1ae6663a86a6" title="Lgm_UTC_to_TAI" alt="" coords="204,360,327,387">
<area shape="rect" href="$_lgm___date_and_time_8c.html#5ee50179c8f841ba7e3377fc23793c37" title="Lgm_UTC_to_TT" alt="" coords="437,461,557,488">
<area shape="rect" href="$_lgm___date_and_time_8c.html#1ff96bc78656dfc6ab411f6b4d8993f1" title="Lgm_GPS_to_UTC" alt="" coords="689,107,820,133">
<area shape="rect" href="$_lgm___date_and_time_8c.html#e359f512f21bf55270e5454b9089cf2f" title="Lgm_GpsSeconds_to_UTC" alt="" coords="929,107,1108,133">
<area shape="rect" href="$_lgm___c_trans_8c.html#73c768f9cf06f4f95be0aa829c10d02c" title="Lgm_init_ctrans" alt="" coords="441,715,553,741">
<area shape="rect" href="$_lgm___c_trans__wrap_8c.html#b2213f6400a2450df86d96a55e8af1a5" title="_wrap_Lgm_init_ctrans" alt="" coords="677,664,832,691">
<area shape="rect" href="$_lgm___eop_8c.html#347307f1d5e5e8ddeb1159efb500169e" title="Lgm_init_eop" alt="" coords="705,715,804,741">
<area shape="rect" href="$_lgm___init_mag_info_8c.html#4f16baeb21ae293220cd048d7bb8f757" title="Lgm_InitMagInfo" alt="" coords="696,765,813,792">
<area shape="rect" href="$_lgm___sgp_8c.html#1cdf495d9a7e1309a4b1ababdc14a64c" title="Lgm_SgpDecodeTle" alt="" coords="685,816,824,843">
<area shape="rect" href="$_lgm___lstar_info_8h.html#d7d999fbe5d3b065fe808bb3e7ceab0b" title="InitLstarInfo" alt="" coords="973,765,1064,792">
<area shape="rect" href="$_lgm___init_mag_ephem_info_8c.html#8ef90809a8f630a2c29d5f46067a206a" title="Lgm_InitMagEphemInfo" alt="" coords="1168,765,1328,792">
<area shape="rect" href="$_lgm___sgp_8c.html#21a21fc6d39baa848658e76b661a8063" title="LgmSgp_ReadTlesFromFile" alt="" coords="928,816,1109,843">
<area shape="rect" href="$_lgm___sgp_8c.html#c8c62bf872785b575faa2f2c6093049a" title="LgmSgp_ReadTlesFromStrings" alt="" coords="917,867,1120,893">
<area shape="rect" href="$_lgm___eop_8c.html#ee1f67690e1bcf1e64dd4cc659e83d9f" title="Lgm_ReadNgaEopp" alt="" coords="429,765,565,792">
<area shape="rect" href="$_lgm___c_trans__wrap_8c.html#224c5cd9f7a9ac35692390380095818d" title="_wrap_Lgm_Set_Coord_Transforms" alt="" coords="641,613,868,640">
<area shape="rect" href="$_lgm___lstar_info_8h.html#68ec464c1b33f0b437d856629f0dd901" title="NewTimeLstarInfo" alt="" coords="692,563,817,589">
<area shape="rect" href="$_lgm___date_and_time_8c.html#ab03f400cbc08ffa12348eb15bf37eb5" title="Lgm_UTC_to_GPS" alt="" coords="432,411,563,437">
<area shape="rect" href="$_lgm___date_and_time_8c.html#a242e28151e439aefeb83cd85c735903" title="Lgm_UTC_to_GpsSeconds" alt="" coords="665,360,844,387">
<area shape="rect" href="$_lgm___c_trans__wrap_8c.html#e944eeaec4111069d654263e7608e590" title="_wrap_Lgm_TAI_to_UTC" alt="" coords="673,157,836,184">
<area shape="rect" href="$_lgm___date_and_time_8c.html#906b9059ecb4e21fa8bf26b91df3dbad" title="Lgm_TaiSeconds_to_UTC" alt="" coords="669,208,840,235">
<area shape="rect" href="$_lgm___c_trans__wrap_8c.html#2cb06ccffbdf8793a465fb46bec96167" title="_wrap_Lgm_TT_to_UTC" alt="" coords="939,259,1099,285">
<area shape="rect" href="$_lgm___date_and_time_8c.html#04a7c2b17ac1343bdb83bdc8d2204719" title="Lgm_TDB_to_UTC" alt="" coords="955,411,1083,437">
<area shape="rect" href="$_lgm___date_and_time_8c.html#f30246cdf6676c764baedf2ee8717e9b" title="Lgm_UTC_to_TDB" alt="" coords="691,461,819,488">
<area shape="rect" href="$_lgm___c_trans__wrap_8c.html#5f84de827388a9cce26589737f3e8936" title="_wrap_Lgm_UTC_to_TAI" alt="" coords="416,309,579,336">
<area shape="rect" href="$_lgm___date_and_time_8c.html#9c99186b444f75dd856bd789298b9cb8" title="Lgm_UTC_to_TaiSeconds" alt="" coords="412,360,583,387">
<area shape="rect" href="$_lgm___c_trans__wrap_8c.html#e04c503be29d1cac21554295e13a4799" title="_wrap_Lgm_UTC_to_TT" alt="" coords="675,411,835,437">
