<area shape="rect" href="$_lgm___c_trans_8h.html#e76573c4675b12cbd3ad51c9619face5" title="Lgm_DayofWeek" alt="" coords="243,5,363,32">
<area shape="rect" href="$_lgm___c_trans__wrap_8c.html#eb4ebd3d270c7d0a5303f10393485505" title="SWIG_AsCharPtrAndSize" alt="" coords="217,56,388,83">
<area shape="rect" href="$_lgm___c_trans__wrap_8c.html#c5d34218467df201deab1b9f5cad6691" title="SWIG_AsVal_int" alt="" coords="243,107,363,133">
<area shape="rect" href="$_lgm___c_trans__wrap_8c.html#72dbc0b72daa1f0a0d7adc533dd5239b" title="SWIG_From_int" alt="" coords="245,157,360,184">
<area shape="rect" href="$_lgm___c_trans__wrap_8c.html#e71b7c9eeb1f89aa554cb897ecef348f" title="SWIG_pchar_descriptor" alt="" coords="437,56,597,83">
<area shape="rect" href="$_lgm___c_trans__wrap_8c.html#ca3c78b106b24b292a156d1f2e9d6bf7" title="SWIG_AsVal_long" alt="" coords="453,107,581,133">
<area shape="rect" href="$_lgm___c_trans__wrap_8c.html#14604bc0932d6a4a99475970ac783697" title="SWIG_AsVal_double" alt="" coords="659,81,803,108">
<area shape="rect" href="$_lgm___c_trans__wrap_8c.html#4101ce628ad9db6a901cca96a6d36ae6" title="SWIG_CanCastAsInteger" alt="" coords="647,132,815,159">
