<area shape="rect" href="$_lgm___mag_model_info_8h.html#a82612dffc3edae2b3fce7cb94e435c0" title="AddNewPoint" alt="" coords="540,60,639,87">
<area shape="rect" href="$_drift_shell_8c.html#15d887d6b99cb83ce58b5a04a171ec67" title="FindBmRadius" alt="" coords="156,364,260,391">
<area shape="rect" href="$_lgm___c_trans_8h.html#bb565097b3362f61a99072fa6894cd83" title="Lgm_Convert_Coords" alt="" coords="319,465,465,492">
<area shape="rect" href="$_lgm___mag_model_info_8h.html#e748e444fc7e684dcead584e1d002e8d" title="FreeSpline" alt="" coords="167,465,249,492">
<area shape="rect" href="$_integral_invariant_8c.html#f6e6b0cd75ad626d41e0ce06cbec7320" title="Iinv" alt="" coords="187,263,229,289">
<area shape="rect" href="$_integral_invariant_8c.html#ea31055ca3f80f4519c263c09ac3e832" title="Iinv_interped" alt="" coords="160,212,256,239">
<area shape="rect" href="$_lgm___mag_model_info_8h.html#a7175b98aed0d6f712ca66d532afe450" title="InitSpline" alt="" coords="171,516,245,543">
<area shape="rect" href="$_lgm___mag_model_info_8h.html#97c791c85beb7f0f5f816f79226b2e2c" title="Lgm_TraceLine2" alt="" coords="333,60,451,87">
<area shape="rect" href="$_lgm___mag_model_info_8h.html#f5875fcc683e532736574a4edf7e8545" title="Lgm_TraceToMirrorPoint" alt="" coords="311,364,473,391">
<area shape="rect" href="$_lgm___mag_model_info_8h.html#069290bbefbad1db8e625b9e8a0d3a5e" title="ReplaceFirstPoint" alt="" coords="528,111,651,137">
<area shape="rect" href="$_lgm___mag_model_info_8h.html#35a01e17f8707981772eea21f9030af3" title="Lgm_B_cdip" alt="" coords="715,85,808,112">
<area shape="rect" href="$_lgm___vec_8h.html#629b5668345073fe8ccf2eff39b4e653" title="Lgm_Magnitude" alt="" coords="705,212,817,239">
<area shape="rect" href="$_lgm___c_trans_8h.html#ceacbb0a4b655abde050d74521fc48f1" title="Lgm_B_cdip_ctrans" alt="" coords="873,85,1009,112">
<area shape="rect" href="$_lgm___vec_8h.html#db5066af69d0f56f0880a098655383ff" title="Lgm_MatTimesVec" alt="" coords="523,465,656,492">
<area shape="rect" href="$_lgm___quad_pack_8h.html#60d44959d394acbe1feccb6648cfbbf6" title="dqags" alt="" coords="364,212,420,239">
<area shape="rect" href="$_lgm___quad_pack_8h.html#68c709c61ac9675998296fd5715f1578" title="dqk21" alt="" coords="364,263,420,289">
<area shape="rect" href="$_integral_invariant_8c.html#9378a29574f93271ed37929e9910f6c6" title="I_integrand" alt="" coords="349,313,435,340">
<area shape="rect" href="$_lgm___mag_model_info_8h.html#0728ceef72ddab59dac1779e455e554f" title="Lgm_MagStep" alt="" coords="537,364,641,391">
<area shape="rect" href="$_lgm___mag_model_info_8h.html#24e31c1882021ee661d8afd00d72e726" title="Lgm_ModMid" alt="" coords="712,339,811,365">
<area shape="rect" href="$_lgm___mag_model_info_8h.html#1e8a22ce5672e4a4b9a51ca51713408e" title="Lgm_RatFunExt" alt="" coords="704,389,819,416">
<area shape="rect" href="$_lgm___vec_8h.html#67c413d617efaaa97ff1b1e6c98f149f" title="Lgm_NormalizeVector" alt="" coords="868,339,1015,365">
<area shape="rect" href="$_integral_invariant_8c.html#9a3dcc288db0c9c8153abd181494514e" title="I_integrand_interped" alt="" coords="323,161,461,188">
<area shape="rect" href="$_lgm___mag_model_info_8h.html#be359d7bc7bae132a2e5bff78da3d9b2" title="BofS" alt="" coords="564,212,615,239">
