<area shape="rect" href="$_lgm___c_trans__wrap_8c.html#e944eeaec4111069d654263e7608e590" title="_wrap_Lgm_TAI_to_UTC" alt="" coords="184,5,347,32">
<area shape="rect" href="$_lgm___date_and_time_8c.html#1ff96bc78656dfc6ab411f6b4d8993f1" title="Lgm_GPS_to_UTC" alt="" coords="200,56,331,83">
<area shape="rect" href="$_lgm___date_and_time_8c.html#906b9059ecb4e21fa8bf26b91df3dbad" title="Lgm_TaiSeconds_to_UTC" alt="" coords="180,107,351,133">
<area shape="rect" href="$_lgm___date_and_time_8c.html#a574b2bf1ef2d8826ecda810565ffc78" title="Lgm_TT_to_UTC" alt="" coords="205,157,325,184">
<area shape="rect" href="$_lgm___date_and_time_8c.html#e359f512f21bf55270e5454b9089cf2f" title="Lgm_GpsSeconds_to_UTC" alt="" coords="400,56,579,83">
<area shape="rect" href="$_lgm___c_trans__wrap_8c.html#2cb06ccffbdf8793a465fb46bec96167" title="_wrap_Lgm_TT_to_UTC" alt="" coords="409,132,569,159">
<area shape="rect" href="$_lgm___date_and_time_8c.html#04a7c2b17ac1343bdb83bdc8d2204719" title="Lgm_TDB_to_UTC" alt="" coords="425,183,553,209">
