<area shape="rect" href="$_lgm___vec_8c.html#47c6f330f5c1228f812b005094b64dfd" title="Lgm_ForceMagnitude" alt="" coords="201,5,348,32">
<area shape="rect" href="$_lgm___c_trans_8c.html#64e411cdf591772fca631d5e42fdacd3" title="Lgm_WGS84_to_GEOD" alt="" coords="195,56,355,83">
<area shape="rect" href="$_lgm___c_trans_8c.html#323f92aef0fee19b69f4da4684fb821c" title="Lgm_WGS84_to_GeodHeight" alt="" coords="180,132,369,159">
<area shape="rect" href="$_lgm___c_trans__wrap_8c.html#ec69b24053a8828f55cd3d439dc46591" title="_wrap_Lgm_WGS84_to_GEOD" alt="" coords="435,5,635,32">
<area shape="rect" href="$_lgm___trace_8c.html#8a39a610942825fe168938aaddec20d7" title="Lgm_Trace" alt="" coords="492,56,577,83">
<area shape="rect" href="$_lgm___a_e8___a_p8_8c.html#808d4c429cd0ffef1b3650491f20cc72" title="Lgm_AE8_AP8_FluxFromPos" alt="" coords="700,56,895,83">
<area shape="rect" href="$_lgm___lstar_info_8h.html#957a4d60eb4025656b3c2557b402523e" title="Lstar" alt="" coords="772,157,823,184">
<area shape="rect" href="$_lgm___c_trans__wrap_8c.html#b18833404a6bde8209606de5b063bdc7" title="_wrap_Lgm_WGS84_to_GeodHeight" alt="" coords="419,107,651,133">
<area shape="rect" href="$_lgm___trace_to_earth_8c.html#4e660ed93d9ec7bbc5a9f151c2fde888" title="Lgm_TraceToEarth" alt="" coords="469,157,600,184">
<area shape="rect" href="$_lgm___trace_to_spherical_earth_8c.html#4814a1f3d52498a01072d763e667dcb8" title="Lgm_TraceToSphericalEarth" alt="" coords="443,208,627,235">
