<area shape="rect" href="$_lgm___mag_model_info_8h.html#9a3dcc288db0c9c8153abd181494514e" title="I_integrand_interped" alt="" coords="111,56,249,83">
<area shape="rect" href="$_sb_integral_8c.html#1828b0051c3925909496a0d956bcaab3" title="Sb_integrand_interped" alt="" coords="105,107,255,133">
<area shape="rect" href="$_trace_line_8c.html#d90887c3d7981a285406d4a15192ac44" title="SofBm" alt="" coords="149,157,211,184">
<area shape="rect" href="$_lgm___mag_model_info_8h.html#ea31055ca3f80f4519c263c09ac3e832" title="Iinv_interped" alt="" coords="323,56,419,83">
<area shape="rect" href="$_lgm___lstar_info_8h.html#e79603e88bcb7860ca33e8fe4fbdf37f" title="FindShellLine" alt="" coords="487,5,585,32">
<area shape="rect" href="$_lgm___lstar_info_8h.html#957a4d60eb4025656b3c2557b402523e" title="Lstar" alt="" coords="648,31,699,57">
<area shape="rect" href="$_alpha_of_k_8c.html#8c0c461cb66bea86f5c7703017a24dde" title="Func" alt="" coords="511,107,561,133">
<area shape="rect" href="$_lgm___lstar_info_8h.html#a9a43909d59850c622768267ce73421c" title="AlphaOfK" alt="" coords="635,107,712,133">
<area shape="rect" href="$_sb_integral_8c.html#d53ba64293ea16f5d1878d483d62fcd4" title="SbIntegral_interped" alt="" coords="304,107,437,133">
