<area shape="rect" href="$_lgm___c_trans__wrap_8c.html#7e3fa8fcef51b6a85adac9ee99884587" title="SWIG_Python_GetSwigThis" alt="" coords="279,131,463,157">
<area shape="rect" href="$_lgm___c_trans__wrap_8c.html#334486cb1e8f569c949a0384cbdb2a16" title="SWIG_TypeCast" alt="" coords="312,181,429,208">
<area shape="rect" href="$_lgm___c_trans__wrap_8c.html#bd0cb78a9663e41312c8f14ab6715f04" title="SWIG_TypeCheck" alt="" coords="307,232,435,259">
<area shape="rect" href="$_lgm___c_trans__wrap_8c.html#7fabac628f98725b7869762b75b1cbf9" title="PySwigObject_Check" alt="" coords="513,105,660,132">
<area shape="rect" href="$_lgm___c_trans__wrap_8c.html#6af4e531324a053514434bbdeb0c3b8b" title="SWIG_This" alt="" coords="543,156,631,183">
<area shape="rect" href="$_lgm___c_trans__wrap_8c.html#e9d4495d83ff6003860842b4e0ead69e" title="PySwigObject_type" alt="" coords="709,105,845,132">
<area shape="rect" href="$_lgm___c_trans__wrap_8c.html#d4e80a848188575ad62806768b84c2af" title="_PySwigObject_type" alt="" coords="895,207,1036,233">
<area shape="rect" href="$_lgm___c_trans__wrap_8c.html#c9f4d92892b03080d537c5d2f5b67406" title="PySwigObject_compare" alt="" coords="1085,29,1245,56">
<area shape="rect" href="$_lgm___c_trans__wrap_8c.html#aefe09cae945ca4cdd2bec36f23dd0c9" title="PySwigObject_dealloc" alt="" coords="1089,80,1241,107">
<area shape="rect" href="$_lgm___c_trans__wrap_8c.html#9ef0aabe0597bad5f5ecfc2e45bdd965" title="PySwigObject_getattr" alt="" coords="1092,384,1239,411">
<area shape="rect" href="$_lgm___c_trans__wrap_8c.html#8d7ea1d473d3a3f36d240ea30f9db809" title="PySwigObject_hex" alt="" coords="1492,283,1623,309">
<area shape="rect" href="$_lgm___c_trans__wrap_8c.html#be6625f2a16f357e494899259d922675" title="PySwigObject_long" alt="" coords="1884,257,2017,284">
<area shape="rect" href="$_lgm___c_trans__wrap_8c.html#0cffee93d733cf5ed9e63ee2044b6895" title="PySwigObject_oct" alt="" coords="1297,333,1425,360">
<area shape="rect" href="$_lgm___c_trans__wrap_8c.html#e2b9dae8c96855ad0fe6079ce97ad8f8" title="PySwigObject_print" alt="" coords="1097,181,1233,208">
<area shape="rect" href="$_lgm___c_trans__wrap_8c.html#583098e08a46d7e859389718996329f7" title="PySwigObject_repr" alt="" coords="1296,169,1427,196">
<area shape="rect" href="$_lgm___c_trans__wrap_8c.html#1a26b3b5411d93510e226b6014951fe5" title="PySwigObject_str" alt="" coords="1103,435,1228,461">
<area shape="rect" href="$_lgm___c_trans__wrap_8c.html#18eb63ce971eec6dfe4d1a5e109a95b6" title="PySwigObject_New" alt="" coords="1293,5,1429,32">
<area shape="rect" href="$_lgm___c_trans__wrap_8c.html#3f38ea686cb3f85bf6a15b08416f2684" title="SWIG_TypePrettyName" alt="" coords="1477,132,1637,159">
<area shape="rect" href="$_lgm___c_trans__wrap_8c.html#d362b93a12769885982e7e26160c71c4" title="PySwigObject_format" alt="" coords="1687,283,1833,309">
<area shape="rect" href="$_lgm___c_trans__wrap_8c.html#10c5572eb6206df7c95c8a2fcde90911" title="SWIG_PackVoidPtr" alt="" coords="1293,435,1429,461">
<area shape="rect" href="$_lgm___c_trans__wrap_8c.html#02c2ac3db8ce87dd62813334e66c9a3a" title="SWIG_PackData" alt="" coords="1497,435,1617,461">
<area shape="rect" href="$_lgm___c_trans__wrap_8c.html#b6b9406572a75bad483f518bcfcdfd9a" title="_SWIG_This" alt="" coords="729,156,825,183">
