<area shape="rect" href="$_lgm___a_e8___a_p8_8h.html#608555319590586b9fa28802d7a51628" title="Lgm_AE8_AP8_Flux" alt="" coords="252,56,393,83">
<area shape="rect" href="$_lgm___vec_8h.html#629b5668345073fe8ccf2eff39b4e653" title="Lgm_Magnitude" alt="" coords="691,284,803,311">
<area shape="rect" href="$_lgm___mag_model_info_8h.html#8a39a610942825fe168938aaddec20d7" title="Lgm_Trace" alt="" coords="280,183,365,209">
<area shape="rect" href="$_lgm___a_e8___a_p8_8h.html#c2047b8474f525b0c563986fb269a80a" title="TRARA1" alt="" coords="487,5,559,32">
<area shape="rect" href="$_lgm___a_e8___a_p8_8h.html#2fe398897be76d62798262cceed6a432" title="TRARA2" alt="" coords="711,5,783,32">
<area shape="rect" href="$_lgm___c_trans_8h.html#bb565097b3362f61a99072fa6894cd83" title="Lgm_Convert_Coords" alt="" coords="449,107,596,133">
<area shape="rect" href="$_lgm___mag_model_info_8h.html#0728ceef72ddab59dac1779e455e554f" title="Lgm_MagStep" alt="" coords="695,208,799,235">
<area shape="rect" href="$_lgm___mag_model_info_8h.html#7b45a70ceb729d0b1f485e8aa67bd24f" title="Lgm_TraceToEarth" alt="" coords="457,208,588,235">
<area shape="rect" href="$_lgm___mag_model_info_8h.html#e26694e4b9c3747fea07eadd0142142e" title="Lgm_TraceToMinBSurf" alt="" coords="445,259,600,285">
<area shape="rect" href="$_lgm___c_trans_8h.html#42a1e228f07a30f58a53c44309199d05" title="Lgm_WGS84_to_GEOD" alt="" coords="443,56,603,83">
<area shape="rect" href="$_lgm___vec_8h.html#db5066af69d0f56f0880a098655383ff" title="Lgm_MatTimesVec" alt="" coords="680,107,813,133">
<area shape="rect" href="$_lgm___mag_model_info_8h.html#24e31c1882021ee661d8afd00d72e726" title="Lgm_ModMid" alt="" coords="904,259,1003,285">
<area shape="rect" href="$_lgm___mag_model_info_8h.html#1e8a22ce5672e4a4b9a51ca51713408e" title="Lgm_RatFunExt" alt="" coords="896,208,1011,235">
<area shape="rect" href="$_lgm___vec_8h.html#67c413d617efaaa97ff1b1e6c98f149f" title="Lgm_NormalizeVector" alt="" coords="1065,259,1212,285">
<area shape="rect" href="$_lgm___c_trans_8h.html#5c79944843885ba3c52bea660f71d5a8" title="Lgm_WGS84_to_GeodHeight" alt="" coords="652,157,841,184">
<area shape="rect" href="$_lgm___vec_8h.html#9573e1d5039c2d78a9018f74dbe9bd37" title="Lgm_ScaleVector" alt="" coords="892,157,1015,184">
