<area shape="rect" href="$_lgm___c_trans_8h.html#bb565097b3362f61a99072fa6894cd83" title="Lgm_Convert_Coords" alt="" coords="148,5,295,32">
<area shape="rect" href="$_lgm___vec_8h.html#629b5668345073fe8ccf2eff39b4e653" title="Lgm_Magnitude" alt="" coords="389,107,501,133">
<area shape="rect" href="$_lgm___mag_model_info_8h.html#0728ceef72ddab59dac1779e455e554f" title="Lgm_MagStep" alt="" coords="393,157,497,184">
<area shape="rect" href="$_lgm___mag_model_info_8h.html#7b45a70ceb729d0b1f485e8aa67bd24f" title="Lgm_TraceToEarth" alt="" coords="156,157,287,184">
<area shape="rect" href="$_lgm___mag_model_info_8h.html#e26694e4b9c3747fea07eadd0142142e" title="Lgm_TraceToMinBSurf" alt="" coords="144,107,299,133">
<area shape="rect" href="$_lgm___c_trans_8h.html#42a1e228f07a30f58a53c44309199d05" title="Lgm_WGS84_to_GEOD" alt="" coords="141,259,301,285">
<area shape="rect" href="$_lgm___vec_8h.html#db5066af69d0f56f0880a098655383ff" title="Lgm_MatTimesVec" alt="" coords="379,5,512,32">
<area shape="rect" href="$_lgm___mag_model_info_8h.html#24e31c1882021ee661d8afd00d72e726" title="Lgm_ModMid" alt="" coords="603,132,701,159">
<area shape="rect" href="$_lgm___mag_model_info_8h.html#1e8a22ce5672e4a4b9a51ca51713408e" title="Lgm_RatFunExt" alt="" coords="595,183,709,209">
<area shape="rect" href="$_lgm___vec_8h.html#67c413d617efaaa97ff1b1e6c98f149f" title="Lgm_NormalizeVector" alt="" coords="764,132,911,159">
<area shape="rect" href="$_lgm___c_trans_8h.html#5c79944843885ba3c52bea660f71d5a8" title="Lgm_WGS84_to_GeodHeight" alt="" coords="351,208,540,235">
<area shape="rect" href="$_lgm___vec_8h.html#9573e1d5039c2d78a9018f74dbe9bd37" title="Lgm_ScaleVector" alt="" coords="591,233,713,260">
