<area shape="rect" href="$_lgm___c_trans__wrap_8c.html#2d66332c0a8eaead061332f64fc42a5c" title="PySwigPacked_Check" alt="" coords="212,56,364,83">
<area shape="rect" href="$_lgm___c_trans__wrap_8c.html#9532dff6bcf1994e843fd0803d79b037" title="_PySwigPacked_type" alt="" coords="415,81,561,108">
<area shape="rect" href="$_lgm___c_trans__wrap_8c.html#ad234ecbc3820c212fdcb809fc9b5821" title="PySwigPacked_compare" alt="" coords="612,5,777,32">
<area shape="rect" href="$_lgm___c_trans__wrap_8c.html#604788af1d7fddfbbd29293b23bcf5e6" title="PySwigPacked_print" alt="" coords="624,56,765,83">
<area shape="rect" href="$_lgm___c_trans__wrap_8c.html#fe4230f7d7cd8572675591d9bd567e39" title="PySwigPacked_repr" alt="" coords="625,107,764,133">
<area shape="rect" href="$_lgm___c_trans__wrap_8c.html#4aafdf94b1093eb068db5a38cae9bd9b" title="PySwigPacked_str" alt="" coords="629,157,760,184">
<area shape="rect" href="$_lgm___c_trans__wrap_8c.html#f903e6809a1fb2ba06deff49795c6e65" title="SWIG_PackDataName" alt="" coords="827,107,981,133">
<area shape="rect" href="$_lgm___c_trans__wrap_8c.html#02c2ac3db8ce87dd62813334e66c9a3a" title="SWIG_PackData" alt="" coords="1029,107,1149,133">
