<area shape="rect" href="$_lgm___i_g_r_f_8c.html#277adeaed44612201277d93893da8812" title="_Lgm_IGRF" alt="" coords="196,5,287,32">
<area shape="rect" href="$_lgm___i_g_r_f_8c.html#51daf5cda8c52b2298ae36681a06b841" title="_Lgm_IGRF2" alt="" coords="192,56,291,83">
<area shape="rect" href="$_lgm___i_g_r_f_8c.html#008a4169db96afc1d9c25b2913a83940" title="_Lgm_IGRF3" alt="" coords="192,107,291,133">
<area shape="rect" href="$_lgm___i_g_r_f_8c.html#1724722babbf7d260eae10d230ded0a3" title="_Lgm_IGRF4" alt="" coords="192,157,291,184">
<area shape="rect" href="$_lgm___c_trans__wrap_8c.html#04498cd7fa46baf61c4c1c8f61cde018" title="_wrap_Lgm_InitTrigmp" alt="" coords="165,208,317,235">
<area shape="rect" href="$_lgm___c_trans__wrap_8c.html#d9224550300fa393d3ff35bdfd1b6013" title="_wrap__Lgm_IGRF" alt="" coords="367,5,497,32">
<area shape="rect" href="$_lgm___i_g_r_f_8c.html#a25100fb38cb2add3a9f601051299a9a" title="Lgm_IGRF" alt="" coords="391,157,473,184">
<area shape="rect" href="$_lgm___c_trans__wrap_8c.html#3c8a89ddf2dcd41b3a58331429a4cdcf" title="_wrap_Lgm_IGRF" alt="" coords="549,132,675,159">
<area shape="rect" href="$_lgm___c_trans_8c.html#4e7b063e0734746ff6af5ef5118ed8b8" title="Lgm_B_igrf_ctrans" alt="" coords="547,183,677,209">
<area shape="rect" href="$_lgm___c_trans__wrap_8c.html#8f8d1f30c9c4a0306a26d57e88dbd84c" title="_wrap_Lgm_B_igrf_ctrans" alt="" coords="727,157,897,184">
<area shape="rect" href="$_lgm___b__internal_8c.html#e8971d82f772d6aff4e651ad84403202" title="Lgm_B_igrf" alt="" coords="768,208,856,235">
<area shape="rect" href="$_t87_8c.html#dfe0b15e7b693dedec20a33edf1e4790" title="Lgm_B_T87" alt="" coords="981,132,1072,159">
<area shape="rect" href="$_t89_8c.html#d31ae081cf3eed687888470191d52b4b" title="Lgm_B_T89" alt="" coords="981,183,1072,209">
<area shape="rect" href="$_t96___m_o_d___m_g_h_8c.html#563f3c7de7558205f571a37496976eb3" title="Lgm_B_T96MOD_MGH" alt="" coords="948,233,1105,260">
<area shape="rect" href="$_t_s04_8c.html#59f3922662b5fde2ade3e5e4a30e33ef" title="Lgm_B_TS04" alt="" coords="977,284,1076,311">
