<area shape="rect" href="$_lgm___c_trans__wrap_8c.html#6af4e531324a053514434bbdeb0c3b8b" title="SWIG_This" alt="" coords="149,132,237,159">
<area shape="rect" href="$_lgm___c_trans__wrap_8c.html#7d3ea178e7face372657bf426fa15410" title="SWIG_Python_DestroyModule" alt="" coords="303,31,500,57">
<area shape="rect" href="$_lgm___c_trans__wrap_8c.html#7e3fa8fcef51b6a85adac9ee99884587" title="SWIG_Python_GetSwigThis" alt="" coords="309,107,493,133">
<area shape="rect" href="$_lgm___c_trans__wrap_8c.html#6f990d5cef868928e2a8c41fc5797a7d" title="SWIG_Python_NewShadowInstance" alt="" coords="285,208,517,235">
<area shape="rect" href="$_lgm___c_trans__wrap_8c.html#7510f33190dba6f3a77bd18d891e6c38" title="SWIG_Python_SetSwigThis" alt="" coords="309,157,493,184">
<area shape="rect" href="$_lgm___c_trans__wrap_8c.html#97dcf2ac96af7ac919ccb8784322945d" title="SWIG_Python_SetModule" alt="" coords="592,5,765,32">
<area shape="rect" href="$_lgm___c_trans__wrap_8c.html#fddb1b639fb789e0f8aa35e8e5f2635f" title="SWIG_Python_AcquirePtr" alt="" coords="593,56,764,83">
<area shape="rect" href="$_lgm___c_trans__wrap_8c.html#b5bec3f786db25fd4085c1534d785a0d" title="SWIG_Python_ConvertPtrAndOwn" alt="" coords="568,107,789,133">
<area shape="rect" href="$_lgm___c_trans__wrap_8c.html#77d3a8e01e24edf05e663b16f914e947" title="SWIG_Python_InitShadowInstance" alt="" coords="567,157,791,184">
<area shape="rect" href="$_lgm___c_trans__wrap_8c.html#c38032f5ef17442eac70b6c3798bc8b2" title="SWIG_Python_NewPointerObj" alt="" coords="580,208,777,235">
