<area shape="rect" href="$_lgm___c_trans__wrap_8c.html#7c2e60e51a1bd4e6e37e826e05ff51dd" title="_wrap_Lgm_hour24" alt="" coords="169,5,303,32">
<area shape="rect" href="$_lgm___date_and_time_8c.html#ae7db2b4a40466c781a6a29f91a51133" title="Lgm_GPS_to_TAI" alt="" coords="405,309,531,336">
<area shape="rect" href="$_lgm___c_trans_8c.html#60cb99abfbae34ae5e7a41c797dcac0e" title="Lgm_Set_Coord_Transforms" alt="" coords="375,563,561,589">
<area shape="rect" href="$_lgm___date_and_time_8c.html#38a6c5c43a1767d6f26c90f7970882e0" title="Lgm_TAI_to_GPS" alt="" coords="173,360,299,387">
<area shape="rect" href="$_lgm___date_and_time_8c.html#df975a9192e9f08e25898ad3bdf906ff" title="Lgm_TAI_to_TT" alt="" coords="179,613,293,640">
<area shape="rect" href="$_lgm___date_and_time_8c.html#0d5b5fb558ccb33fe27b2a5452c8e143" title="Lgm_TDB_to_TT" alt="" coords="408,512,528,539">
<area shape="rect" href="$_lgm___date_and_time_8c.html#1c9dffe866b03fe6c519bba85445b8ef" title="Lgm_TT_to_TAI" alt="" coords="179,56,293,83">
<area shape="rect" href="$_lgm___date_and_time_8c.html#a574b2bf1ef2d8826ecda810565ffc78" title="Lgm_TT_to_UTC" alt="" coords="665,107,785,133">
<area shape="rect" href="$_lgm___date_and_time_8c.html#22d70f08569629bfb06991502e8a2943" title="Lgm_TT_to_TDB" alt="" coords="176,512,296,539">
<area shape="rect" href="$_lgm___date_and_time_8c.html#10a71e0d594a09fd5a859d481a7c9dc6" title="Lgm_TT_to_TDB_IAU2006" alt="" coords="148,664,324,691">
<area shape="rect" href="$_lgm___date_and_time_8c.html#fc2358593ed2c075d04b1ae6663a86a6" title="Lgm_UTC_to_TAI" alt="" coords="175,259,297,285">
<area shape="rect" href="$_lgm___date_and_time_8c.html#5ee50179c8f841ba7e3377fc23793c37" title="Lgm_UTC_to_TT" alt="" coords="408,411,528,437">
<area shape="rect" href="$_lgm___date_and_time_8c.html#1ff96bc78656dfc6ab411f6b4d8993f1" title="Lgm_GPS_to_UTC" alt="" coords="660,284,791,311">
<area shape="rect" href="$_lgm___date_and_time_8c.html#e359f512f21bf55270e5454b9089cf2f" title="Lgm_GpsSeconds_to_UTC" alt="" coords="888,284,1067,311">
<area shape="rect" href="$_lgm___c_trans__wrap_8c.html#224c5cd9f7a9ac35692390380095818d" title="_wrap_Lgm_Set_Coord_Transforms" alt="" coords="612,613,839,640">
<area shape="rect" href="$_lgm___lstar_info_8h.html#68ec464c1b33f0b437d856629f0dd901" title="NewTimeLstarInfo" alt="" coords="663,563,788,589">
<area shape="rect" href="$_lgm___date_and_time_8c.html#ab03f400cbc08ffa12348eb15bf37eb5" title="Lgm_UTC_to_GPS" alt="" coords="403,360,533,387">
<area shape="rect" href="$_lgm___date_and_time_8c.html#a242e28151e439aefeb83cd85c735903" title="Lgm_UTC_to_GpsSeconds" alt="" coords="636,360,815,387">
<area shape="rect" href="$_lgm___date_and_time_8c.html#04a7c2b17ac1343bdb83bdc8d2204719" title="Lgm_TDB_to_UTC" alt="" coords="913,196,1041,223">
<area shape="rect" href="$_lgm___c_trans__wrap_8c.html#2cb06ccffbdf8793a465fb46bec96167" title="_wrap_Lgm_TT_to_UTC" alt="" coords="897,107,1057,133">
<area shape="rect" href="$_lgm___date_and_time_8c.html#f30246cdf6676c764baedf2ee8717e9b" title="Lgm_UTC_to_TDB" alt="" coords="661,461,789,488">
<area shape="rect" href="$_lgm___c_trans__wrap_8c.html#5f84de827388a9cce26589737f3e8936" title="_wrap_Lgm_UTC_to_TAI" alt="" coords="387,259,549,285">
<area shape="rect" href="$_lgm___date_and_time_8c.html#de5bfe94202a0503dbbe1cb6a066ecf9" title="Lgm_TAI_to_UTC" alt="" coords="407,157,529,184">
<area shape="rect" href="$_lgm___date_and_time_8c.html#9c99186b444f75dd856bd789298b9cb8" title="Lgm_UTC_to_TaiSeconds" alt="" coords="383,208,553,235">
<area shape="rect" href="$_lgm___c_trans__wrap_8c.html#e944eeaec4111069d654263e7608e590" title="_wrap_Lgm_TAI_to_UTC" alt="" coords="644,157,807,184">
<area shape="rect" href="$_lgm___date_and_time_8c.html#906b9059ecb4e21fa8bf26b91df3dbad" title="Lgm_TaiSeconds_to_UTC" alt="" coords="640,208,811,235">
<area shape="rect" href="$_lgm___c_trans__wrap_8c.html#e04c503be29d1cac21554295e13a4799" title="_wrap_Lgm_UTC_to_TT" alt="" coords="645,411,805,437">
