<area shape="rect" href="$_lgm___c_trans_8h.html#38f91ae9f05bbcd134091cea464ee003" title="Lgm_DayOfWeek" alt="" coords="172,107,295,133">
<area shape="rect" href="$_lgm___c_trans_8h.html#104fe1084e885dd5b4e9d7421ee361a2" title="Lgm_Doy" alt="" coords="196,5,271,32">
<area shape="rect" href="$_lgm___c_trans_8h.html#e6f9029d80696fdffbe753ff07962368" title="Lgm_LeapYear" alt="" coords="371,31,477,57">
<area shape="rect" href="$_lgm___c_trans_8h.html#7d638a5de1c5a2b0176e2c51f4e85427" title="Lgm_IsLeapSecondDay" alt="" coords="344,196,504,223">
<area shape="rect" href="$_lgm___c_trans_8h.html#73a444d73b7a1119517c60f5a070cc9d" title="Lgm_JD" alt="" coords="199,157,268,184">
<area shape="rect" href="$_lgm___c_trans_8h.html#4a4b0532bf6fb44bc8d4d9fbbab0d5cf" title="Compute the Julian Day number for the given date." alt="" coords="173,259,293,285">
<area shape="rect" href="$_lgm___c_trans_8h.html#af81b2f637efd027fd4fb425f16dd027" title="Lgm_RemapTime" alt="" coords="172,309,295,336">
<area shape="rect" href="$_lgm___c_trans_8h.html#e869fd88ef397bce460b886a6a1b840d" title="Lgm_JDN" alt="" coords="385,120,463,147">
