<area shape="rect" href="$_lgm___mag_model_info_8h.html#9378a29574f93271ed37929e9910f6c6" title="I_integrand" alt="" coords="196,95,281,121">
<area shape="rect" href="$_lgm___trace_8c.html#8a39a610942825fe168938aaddec20d7" title="Lgm_Trace" alt="" coords="416,309,501,336">
<area shape="rect" href="$_trace_line_8c.html#3683689fb880f54289fd4600f8b7dfc9" title="Lgm_TraceLine" alt="" coords="644,399,753,425">
<area shape="rect" href="$_trace_line_8c.html#603527e81ecde7cb9495efc9bcb6d386" title="Lgm_TraceLine2" alt="" coords="400,233,517,260">
<area shape="rect" href="$_lgm___trace_to_earth_8c.html#4e660ed93d9ec7bbc5a9f151c2fde888" title="Lgm_TraceToEarth" alt="" coords="173,487,304,513">
<area shape="rect" href="$_trace_to_min_b_surf_8c.html#390aa9e0041941ec6e7f8212fc097c4a" title="Lgm_TraceToMinBSurf" alt="" coords="161,335,316,361">
<area shape="rect" href="$_trace_to_min_rdot_b_8c.html#9c5db0561592bc1e8943696fbbd6dba2" title="Lgm_TraceToMinRdotB" alt="" coords="160,537,317,564">
<area shape="rect" href="$_trace_to_mirror_point2_8c.html#f5875fcc683e532736574a4edf7e8545" title="Lgm_TraceToMirrorPoint" alt="" coords="377,145,540,172">
<area shape="rect" href="$_trace_to_s_m_equat_8c.html#97ad150bdcbe7b353eb40df4083ba0c9" title="Lgm_TraceToSMEquat" alt="" coords="161,588,316,615">
<area shape="rect" href="$_lgm___trace_to_spherical_earth_8c.html#4814a1f3d52498a01072d763e667dcb8" title="Lgm_TraceToSphericalEarth" alt="" coords="367,443,551,469">
<area shape="rect" href="$_sb_integral_8c.html#23dd3716fba7aa838e159dbf9f447dd0" title="Sb_integrand" alt="" coords="191,639,287,665">
<area shape="rect" href="$_lgm___mag_model_info_8h.html#f6e6b0cd75ad626d41e0ce06cbec7320" title="Iinv" alt="" coords="437,95,480,121">
<area shape="rect" href="$_lgm___lstar_info_8h.html#e79603e88bcb7860ca33e8fe4fbdf37f" title="FindShellLine" alt="" coords="649,145,748,172">
<area shape="rect" href="$_lgm___lstar_info_8h.html#957a4d60eb4025656b3c2557b402523e" title="Lstar" alt="" coords="859,247,909,273">
<area shape="rect" href="$_alpha_of_k_8c.html#8c0c461cb66bea86f5c7703017a24dde" title="Func" alt="" coords="673,44,724,71">
<area shape="rect" href="$_integral_invariant_8c.html#daf0aa9fb80fcc0aa8addc079df7ac7c" title="Grad_I" alt="" coords="669,95,728,121">
<area shape="rect" href="$_lgm___lstar_info_8h.html#a9a43909d59850c622768267ce73421c" title="AlphaOfK" alt="" coords="845,44,923,71">
<area shape="rect" href="$_lgm___a_e8___a_p8_8c.html#808d4c429cd0ffef1b3650491f20cc72" title="Lgm_AE8_AP8_FluxFromPos" alt="" coords="601,348,796,375">
<area shape="rect" href="$_sb_integral_8c.html#64cd517218ca183a56b43dfc1cf7b124" title="SbIntegral" alt="" coords="419,639,499,665">
