<area shape="rect" href="$_lgm___mag_model_info_8h.html#1beb428d4ab97b15df348423d1721d90" title="Lgm_B1_T87" alt="" coords="147,5,245,32">
<area shape="rect" href="$_lgm___mag_model_info_8h.html#c500f305bd1f4f0f6bcc61cceb5d300d" title="Lgm_B2_T87" alt="" coords="147,56,245,83">
<area shape="rect" href="$_lgm___mag_model_info_8h.html#884728ac6b23c4a999599757d9a28197" title="Lgm_B3_T87" alt="" coords="147,107,245,133">
<area shape="rect" href="$_lgm___mag_model_info_8h.html#35a01e17f8707981772eea21f9030af3" title="Lgm_B_cdip" alt="" coords="149,157,243,184">
<area shape="rect" href="$_lgm___mag_model_info_8h.html#197f94b29b1159e249e52d11d5aec2a8" title="Lgm_B_edip" alt="" coords="149,208,243,235">
<area shape="rect" href="$_lgm___mag_model_info_8h.html#ab7ce7544097d19271704d13d37c95e8" title="Lgm_B_igrf" alt="" coords="152,259,240,285">
<area shape="rect" href="$_lgm___c_trans_8h.html#ceacbb0a4b655abde050d74521fc48f1" title="Lgm_B_cdip_ctrans" alt="" coords="293,157,429,184">
<area shape="rect" href="$_lgm___c_trans_8h.html#5302ef2d070d2764b911aac4cbd2f4f0" title="Lgm_B_edip_ctrans" alt="" coords="293,208,429,235">
<area shape="rect" href="$_lgm___c_trans_8h.html#a4f2ee6f388d4fa3cdb77be97795613f" title="Lgm_B_igrf_ctrans" alt="" coords="296,259,427,285">
<area shape="rect" href="$_lgm___c_trans_8h.html#bb565097b3362f61a99072fa6894cd83" title="Lgm_Convert_Coords" alt="" coords="477,233,624,260">
<area shape="rect" href="$_lgm___c_trans_8h.html#6a634fc761a3edba434928a278d3058a" title="Lgm_IGRF" alt="" coords="509,284,592,311">
<area shape="rect" href="$_lgm___vec_8h.html#db5066af69d0f56f0880a098655383ff" title="Lgm_MatTimesVec" alt="" coords="672,233,805,260">
<area shape="rect" href="$_lgm___c_trans_8h.html#844a4dedb8aaf168e08a7f79e1d465c4" title="_Lgm_IGRF4" alt="" coords="689,284,788,311">
<area shape="rect" href="$_lgm___c_trans_8h.html#9a4228c946c00806063a562ea8b5a910" title="Lgm_PolFunInt" alt="" coords="684,335,793,361">
<area shape="rect" href="$_lgm___c_trans_8h.html#6cda667f1a74bdd3549eeb54f805755e" title="Lgm_InitIGRF" alt="" coords="859,208,960,235">
<area shape="rect" href="$_lgm___c_trans_8h.html#09e15d914fd48a3df511a033e6eed606" title="Lgm_InitK" alt="" coords="869,259,949,285">
<area shape="rect" href="$_lgm___c_trans_8h.html#1754fc8886cfcd3bf3e97dfc38767190" title="Lgm_InitS" alt="" coords="869,309,949,336">
<area shape="rect" href="$_lgm___c_trans_8h.html#1ab827e0002cede47df3f63d554ecd85" title="Lgm_InitTrigmp" alt="" coords="853,360,965,387">
