<area shape="rect" href="$_lgm___mag_model_info_8h.html#ab7ce7544097d19271704d13d37c95e8" title="Lgm_B_igrf" alt="" coords="251,56,339,83">
<area shape="rect" href="$_lgm___mag_model_info_8h.html#0a1f7c860cd079e13dedcd24b583bc2b" title="lgm_field_t96mod_mgh_" alt="" coords="213,107,376,133">
<area shape="rect" href="$_lgm___c_trans_8h.html#a4f2ee6f388d4fa3cdb77be97795613f" title="Lgm_B_igrf_ctrans" alt="" coords="424,56,555,83">
<area shape="rect" href="$_lgm___c_trans_8h.html#bb565097b3362f61a99072fa6894cd83" title="Lgm_Convert_Coords" alt="" coords="603,31,749,57">
<area shape="rect" href="$_lgm___c_trans_8h.html#6a634fc761a3edba434928a278d3058a" title="Lgm_IGRF" alt="" coords="635,81,717,108">
<area shape="rect" href="$_lgm___vec_8h.html#db5066af69d0f56f0880a098655383ff" title="Lgm_MatTimesVec" alt="" coords="797,31,931,57">
<area shape="rect" href="$_lgm___c_trans_8h.html#844a4dedb8aaf168e08a7f79e1d465c4" title="_Lgm_IGRF4" alt="" coords="815,81,913,108">
<area shape="rect" href="$_lgm___c_trans_8h.html#9a4228c946c00806063a562ea8b5a910" title="Lgm_PolFunInt" alt="" coords="809,132,919,159">
<area shape="rect" href="$_lgm___c_trans_8h.html#6cda667f1a74bdd3549eeb54f805755e" title="Lgm_InitIGRF" alt="" coords="984,5,1085,32">
<area shape="rect" href="$_lgm___c_trans_8h.html#09e15d914fd48a3df511a033e6eed606" title="Lgm_InitK" alt="" coords="995,56,1075,83">
<area shape="rect" href="$_lgm___c_trans_8h.html#1754fc8886cfcd3bf3e97dfc38767190" title="Lgm_InitS" alt="" coords="995,107,1075,133">
<area shape="rect" href="$_lgm___c_trans_8h.html#1ab827e0002cede47df3f63d554ecd85" title="Lgm_InitTrigmp" alt="" coords="979,157,1091,184">
