<area shape="rect" href="$_lgm___mag_model_info_8h.html#a82612dffc3edae2b3fce7cb94e435c0" title="AddNewPoint" alt="" coords="175,44,273,71">
<area shape="rect" href="$_lgm___mag_model_info_8h.html#35a01e17f8707981772eea21f9030af3" title="Lgm_B_cdip" alt="" coords="336,5,429,32">
<area shape="rect" href="$_lgm___vec_8h.html#629b5668345073fe8ccf2eff39b4e653" title="Lgm_Magnitude" alt="" coords="327,56,439,83">
<area shape="rect" href="$_lgm___mag_model_info_8h.html#0728ceef72ddab59dac1779e455e554f" title="Lgm_MagStep" alt="" coords="172,145,276,172">
<area shape="rect" href="$_lgm___c_trans_8h.html#ceacbb0a4b655abde050d74521fc48f1" title="Lgm_B_cdip_ctrans" alt="" coords="495,5,631,32">
<area shape="rect" href="$_lgm___mag_model_info_8h.html#24e31c1882021ee661d8afd00d72e726" title="Lgm_ModMid" alt="" coords="333,132,432,159">
<area shape="rect" href="$_lgm___mag_model_info_8h.html#1e8a22ce5672e4a4b9a51ca51713408e" title="Lgm_RatFunExt" alt="" coords="325,183,440,209">
<area shape="rect" href="$_lgm___vec_8h.html#67c413d617efaaa97ff1b1e6c98f149f" title="Lgm_NormalizeVector" alt="" coords="489,132,636,159">
