<area shape="rect" href="$_lgm___c_trans_8c.html#022c69d1faa38210aba90d732e3b4327" title="Lgm_CDMAG_to_R_MLAT_MLON_MLT" alt="" coords="204,233,455,260">
<area shape="rect" href="$_lgm___c_trans_8c.html#ffd68c7f63f3835e4b941894d7970036" title="Lgm_EDMAG_to_R_MLAT_MLON_MLT" alt="" coords="204,284,455,311">
<area shape="rect" href="$_lgm___vec_8c.html#47c6f330f5c1228f812b005094b64dfd" title="Lgm_ForceMagnitude" alt="" coords="256,335,403,361">
<area shape="rect" href="$_mag_step_8c.html#25b0aafbfa7b08a20caa7103067395eb" title="Lgm_ModMid" alt="" coords="280,385,379,412">
<area shape="rect" href="$_lgm___c_trans_8c.html#60cb99abfbae34ae5e7a41c797dcac0e" title="Lgm_Set_Coord_Transforms" alt="" coords="236,436,423,463">
<area shape="rect" href="$_lgm___c_trans__wrap_8c.html#e6c58e0cd77aa7effcc1f631180d27f6" title="_wrap_Lgm_CDMAG_to_R_MLAT_MLON_MLT" alt="" coords="504,233,797,260">
<area shape="rect" href="$_lgm___c_trans__wrap_8c.html#3a778a769d7a01c30121368d9149e3ff" title="_wrap_Lgm_EDMAG_to_R_MLAT_MLON_MLT" alt="" coords="504,284,797,311">
<area shape="rect" href="$_mag_step_8c.html#3b19333caf8b3d06e1b4c54e4473096b" title="Lgm_MagStep" alt="" coords="599,385,703,412">
<area shape="rect" href="$_lgm___mag_model_info_8h.html#9378a29574f93271ed37929e9910f6c6" title="I_integrand" alt="" coords="881,95,967,121">
<area shape="rect" href="$_lgm___trace_8c.html#8a39a610942825fe168938aaddec20d7" title="Lgm_Trace" alt="" coords="1101,309,1187,336">
<area shape="rect" href="$_trace_line_8c.html#3683689fb880f54289fd4600f8b7dfc9" title="Lgm_TraceLine" alt="" coords="1329,399,1439,425">
<area shape="rect" href="$_trace_line_8c.html#603527e81ecde7cb9495efc9bcb6d386" title="Lgm_TraceLine2" alt="" coords="1085,233,1203,260">
<area shape="rect" href="$_lgm___trace_to_earth_8c.html#4e660ed93d9ec7bbc5a9f151c2fde888" title="Lgm_TraceToEarth" alt="" coords="859,487,989,513">
<area shape="rect" href="$_trace_to_min_b_surf_8c.html#390aa9e0041941ec6e7f8212fc097c4a" title="Lgm_TraceToMinBSurf" alt="" coords="847,335,1001,361">
<area shape="rect" href="$_trace_to_min_rdot_b_8c.html#9c5db0561592bc1e8943696fbbd6dba2" title="Lgm_TraceToMinRdotB" alt="" coords="845,537,1003,564">
<area shape="rect" href="$_trace_to_mirror_point2_8c.html#f5875fcc683e532736574a4edf7e8545" title="Lgm_TraceToMirrorPoint" alt="" coords="1063,145,1225,172">
<area shape="rect" href="$_trace_to_s_m_equat_8c.html#97ad150bdcbe7b353eb40df4083ba0c9" title="Lgm_TraceToSMEquat" alt="" coords="847,588,1001,615">
<area shape="rect" href="$_lgm___trace_to_spherical_earth_8c.html#4814a1f3d52498a01072d763e667dcb8" title="Lgm_TraceToSphericalEarth" alt="" coords="1052,443,1236,469">
<area shape="rect" href="$_sb_integral_8c.html#23dd3716fba7aa838e159dbf9f447dd0" title="Sb_integrand" alt="" coords="876,639,972,665">
<area shape="rect" href="$_lgm___mag_model_info_8h.html#f6e6b0cd75ad626d41e0ce06cbec7320" title="Iinv" alt="" coords="1123,95,1165,121">
<area shape="rect" href="$_lgm___lstar_info_8h.html#e79603e88bcb7860ca33e8fe4fbdf37f" title="FindShellLine" alt="" coords="1335,145,1433,172">
<area shape="rect" href="$_lgm___lstar_info_8h.html#957a4d60eb4025656b3c2557b402523e" title="Lstar" alt="" coords="1544,247,1595,273">
<area shape="rect" href="$_alpha_of_k_8c.html#8c0c461cb66bea86f5c7703017a24dde" title="Func" alt="" coords="1359,44,1409,71">
<area shape="rect" href="$_integral_invariant_8c.html#daf0aa9fb80fcc0aa8addc079df7ac7c" title="Grad_I" alt="" coords="1355,95,1413,121">
<area shape="rect" href="$_lgm___lstar_info_8h.html#a9a43909d59850c622768267ce73421c" title="AlphaOfK" alt="" coords="1531,44,1608,71">
<area shape="rect" href="$_lgm___a_e8___a_p8_8c.html#808d4c429cd0ffef1b3650491f20cc72" title="Lgm_AE8_AP8_FluxFromPos" alt="" coords="1287,348,1481,375">
<area shape="rect" href="$_sb_integral_8c.html#64cd517218ca183a56b43dfc1cf7b124" title="SbIntegral" alt="" coords="1104,639,1184,665">
<area shape="rect" href="$_lgm___c_trans__wrap_8c.html#224c5cd9f7a9ac35692390380095818d" title="_wrap_Lgm_Set_Coord_Transforms" alt="" coords="537,436,764,463">
<area shape="rect" href="$_lgm___lstar_info_8h.html#68ec464c1b33f0b437d856629f0dd901" title="NewTimeLstarInfo" alt="" coords="588,487,713,513">
